******************************************************************************
             TMS320C2000 Linker PC v22.6.1                     
******************************************************************************
>> Linked Fri Jun 21 16:49:43 2024

OUTPUT FILE NAME:   <F28379D_SysConfig_Demo.out>
ENTRY POINT SYMBOL: "_c_int00"  address: 000816b6


MEMORY CONFIGURATION

         name            origin    length      used     unused   attr    fill
----------------------  --------  ---------  --------  --------  ----  --------
PAGE 0:
  RAMM0                 00000122   000002de  00000000  000002de  RWIX
  RAMLS0                00008000   00000800  00000158  000006a8  RWIX
  RAMLS1                00008800   00000800  00000000  00000800  RWIX
  RAMLS2                00009000   00000800  00000000  00000800  RWIX
  RAMLS3                00009800   00000800  00000000  00000800  RWIX
  RAMLS4                0000a000   00000800  00000000  00000800  RWIX
  RAMD0                 0000b000   00000800  00000000  00000800  RWIX
  RAMGS14               0001a000   00001000  00000000  00001000  RWIX
  RAMGS15               0001b000   00001000  00000000  00001000  RWIX
  BEGIN                 00080000   00000002  00000002  00000000  RWIX
  BOOTA                 00080002   00003ffe  00001dd4  0000222a  RWIX
  BL_SELECT             00084000   00000002  00000000  00000002  RWIX
  BOOTB                 00084002   00003ffe  00000000  00003ffe  RWIX
  APP                   00088000   00020000  00000000  00020000  RWIX
  FLASHI                000a8000   00008000  00000000  00008000  RWIX
  FLASHJ                000b0000   00008000  00000000  00008000  RWIX
  FLASHK                000b8000   00002000  00000000  00002000  RWIX
  FLASHL                000ba000   00002000  00000000  00002000  RWIX
  FLASHM                000bc000   00002000  00000000  00002000  RWIX
  FLASHN                000be000   00001ff0  00000000  00001ff0  RWIX
  FLASHN_DO_NOT_USE     000bfff0   00000010  00000000  00000010  RWIX
  RESET                 003fffc0   00000002  00000000  00000002  RWIX

PAGE 1:
  BOOT_RSVD             00000002   00000120  00000088  00000098  RWIX
  RAMM1                 00000400   00000400  00000288  00000178  RWIX
  RAMLS5                0000a800   00000800  00000010  000007f0  RWIX
  RAMD1                 0000b800   00000800  00000000  00000800  RWIX
  RAMGS0                0000c000   00001000  00000000  00001000  RWIX
  RAMGS1                0000d000   00001000  00000000  00001000  RWIX
  RAMGS2                0000e000   00001000  00000000  00001000  RWIX
  RAMGS3                0000f000   00001000  00000000  00001000  RWIX
  RAMGS4                00010000   00001000  00000000  00001000  RWIX
  RAMGS5                00011000   00001000  00000000  00001000  RWIX
  RAMGS6                00012000   00001000  00000000  00001000  RWIX
  RAMGS7                00013000   00001000  00000000  00001000  RWIX
  RAMGS8                00014000   00001000  00000000  00001000  RWIX
  RAMGS9                00015000   00001000  00000000  00001000  RWIX
  RAMGS10               00016000   00001000  00000000  00001000  RWIX
  RAMGS11               00017000   00001000  00000000  00001000  RWIX
  RAMGS12               00018000   00001000  00000000  00001000  RWIX
  RAMGS13               00019000   00001000  00000000  00001000  RWIX
  CPU2TOCPU1RAM         0003f800   00000400  00000000  00000400  RWIX
  CPU1TOCPU2RAM         0003fc00   00000400  00000000  00000400  RWIX


SECTION ALLOCATION MAP

 output                                  attributes/
section   page    origin      length       input sections
--------  ----  ----------  ----------   ----------------
.cinit     0    00081db0    00000029     
                  00081db0    0000000f     device.obj (.cinit)
                  00081dbf    0000000e     rts2800_fpu32.lib : exit.c.obj (.cinit)
                  00081dcd    00000005                       : _lock.c.obj (.cinit:__lock)
                  00081dd2    00000005                       : _lock.c.obj (.cinit:__unlock)
                  00081dd7    00000002     --HOLE-- [fill = 0]

.pinit     0    00080004    00000000     UNINITIALIZED

codestart 
*          0    00080000    00000002     
                  00080000    00000002     F2837xD_CodeStartBranch.obj (codestart)

.text      0    00080004    00001854     
                  00080004    000006d6     can.obj (.text)
                  000806da    00000644     sysctl.obj (.text)
                  00080d1e    000003fc     device.obj (.text)
                  0008111a    00000277     gpio.obj (.text)
                  00081391    00000179     interrupt.obj (.text)
                  0008150a    00000124     board.obj (.text)
                  0008162e    00000088     rts2800_fpu32.lib : fs_div28.asm.obj (.text)
                  000816b6    00000056                       : boot28.asm.obj (.text)
                  0008170c    00000046     flash.obj (.text)
                  00081752    00000032     main.obj (.text)
                  00081784    0000002a     interrupt.obj (.text:retain)
                  000817ae    00000029     rts2800_fpu32.lib : exit.c.obj (.text)
                  000817d7    00000024                       : cpy_tbl.c.obj (.text)
                  000817fb    0000001d                       : memcpy.c.obj (.text)
                  00081818    0000001a     main.obj (.text:retain)
                  00081832    00000012     rts2800_fpu32.lib : args_main.c.obj (.text)
                  00081844    00000009                       : _lock.c.obj (.text)
                  0008184d    00000008     F2837xD_CodeStartBranch.obj (.text)
                  00081855    00000002     rts2800_fpu32.lib : pre_init.c.obj (.text)
                  00081857    00000001                       : startup.c.obj (.text)

.TI.ramfunc 
*          0    00081c58    00000158     RUN ADDR = 00008000
                  00081c58    00000154     flash.obj (.TI.ramfunc)
                  00081dac    00000004     sysctl.obj (.TI.ramfunc)

.stack     1    00000400    00000200     UNINITIALIZED
                  00000400    00000200     --HOLE--

.econst    0    00081858    000003ff     
                  00081858    00000043     board.obj (.econst:.string)
                  0008189b    00000001     --HOLE-- [fill = 0]
                  0008189c    0000003d     sysctl.obj (.econst:.string)
                  000818d9    00000001     --HOLE-- [fill = 0]
                  000818da    00000038     flash.obj (.econst:.string)
                  00081912    00000038     mcbsp.obj (.econst:.string)
                  0008194a    00000037     epwm.obj (.econst:.string)
                  00081981    00000001     --HOLE-- [fill = 0]
                  00081982    00000037     gpio.obj (.econst:.string)
                  000819b9    00000001     --HOLE-- [fill = 0]
                  000819ba    00000034     can.obj (.econst:.string)
                  000819ee    00000034     clb.obj (.econst:.string)
                  00081a22    00000034     dma.obj (.econst:.string)
                  00081a56    00000034     sci.obj (.econst:.string)
                  00081a8a    00000034     spi.obj (.econst:.string)
                  00081abe    00000020     interrupt.obj (.econst:.string)
                  00081ade    0000001f     cputimer.obj (.econst:.string)
                  00081afd    00000001     --HOLE-- [fill = 0]
                  00081afe    0000001d     memcfg.obj (.econst:.string)
                  00081b1b    00000001     --HOLE-- [fill = 0]
                  00081b1c    0000001c     cmpss.obj (.econst:.string)
                  00081b38    0000001b     dcsm.obj (.econst:.string)
                  00081b53    00000001     --HOLE-- [fill = 0]
                  00081b54    0000001b     ecap.obj (.econst:.string)
                  00081b6f    00000001     --HOLE-- [fill = 0]
                  00081b70    0000001b     eqep.obj (.econst:.string)
                  00081b8b    00000001     --HOLE-- [fill = 0]
                  00081b8c    0000001b     sdfm.obj (.econst:.string)
                  00081ba7    00000001     --HOLE-- [fill = 0]
                  00081ba8    0000001a     adc.obj (.econst:.string)
                  00081bc2    0000001a     dac.obj (.econst:.string)
                  00081bdc    0000001a     i2c.obj (.econst:.string)
                  00081bf6    0000001a     ipc.obj (.econst:.string)
                  00081c10    0000001a     upp.obj (.econst:.string)
                  00081c2a    0000001a     usb.obj (.econst:.string)
                  00081c44    00000013     device.obj (.econst:.string)

.reset     0    003fffc0    00000002     DSECT
                  003fffc0    00000002     rts2800_fpu32.lib : boot28.asm.obj (.reset)

GETBUFFER 
*          0    0003f800    00000000     DSECT

GETWRITEIDX 
*          0    0003f800    00000000     DSECT

PUTREADIDX 
*          0    0003f800    00000000     DSECT

.TI.memcrc 
*          0    00000000    0000004e     COPY SECTION
                  00000000    0000004e     (.TI.memcrc:_ccs_flash_checksum)

MSGRAM_CPU1_TO_CPU2 
*          1    00000040    00000088     UNINITIALIZED
                  00000040    00000088     ipc.obj (MSGRAM_CPU1_TO_CPU2)

MSGRAM_CPU2_TO_CPU1 
*          1    00000600    00000088     UNINITIALIZED
                  00000600    00000088     ipc.obj (MSGRAM_CPU2_TO_CPU1)

.ebss      1    0000a800    00000010     UNINITIALIZED
                  0000a800    00000006     device.obj (.ebss)
                  0000a806    00000006     rts2800_fpu32.lib : exit.c.obj (.ebss)
                  0000a80c    00000002                       : _lock.c.obj (.ebss:__lock)
                  0000a80e    00000002                       : _lock.c.obj (.ebss:__unlock)

MODULE SUMMARY

       Module                        code   initialized data   uninitialized data
       ------                        ----   ----------------   ------------------
    .\
       main.obj                      76     0                  0                 
    +--+-----------------------------+------+------------------+--------------------+
       Total:                        76     0                  0                 
                                                                                 
    .\device\
       device.obj                    1020   34                 6                 
       F2837xD_CodeStartBranch.obj   10     0                  0                 
    +--+-----------------------------+------+------------------+--------------------+
       Total:                        1030   34                 6                 
                                                                                 
    .\device\driverlib\
       can.obj                       1750   52                 0                 
       sysctl.obj                    1612   61                 0                 
       flash.obj                     750    56                 0                 
       gpio.obj                      631    55                 0                 
       interrupt.obj                 419    32                 0                 
       ipc.obj                       0      26                 272               
       mcbsp.obj                     0      56                 0                 
       epwm.obj                      0      55                 0                 
       clb.obj                       0      52                 0                 
       dma.obj                       0      52                 0                 
       sci.obj                       0      52                 0                 
       spi.obj                       0      52                 0                 
       cputimer.obj                  0      31                 0                 
       memcfg.obj                    0      29                 0                 
       cmpss.obj                     0      28                 0                 
       dcsm.obj                      0      27                 0                 
       ecap.obj                      0      27                 0                 
       eqep.obj                      0      27                 0                 
       sdfm.obj                      0      27                 0                 
       adc.obj                       0      26                 0                 
       dac.obj                       0      26                 0                 
       i2c.obj                       0      26                 0                 
       upp.obj                       0      26                 0                 
       usb.obj                       0      26                 0                 
    +--+-----------------------------+------+------------------+--------------------+
       Total:                        5162   927                272               
                                                                                 
    .\syscfg\
       board.obj                     292    67                 0                 
    +--+-----------------------------+------+------------------+--------------------+
       Total:                        292    67                 0                 
                                                                                 
    C:\ti\ccs1271\ccs\tools\compiler\ti-cgt-c2000_22.6.1.LTS\lib\rts2800_fpu32.lib
       fs_div28.asm.obj              136    0                  0                 
       boot28.asm.obj                86     0                  0                 
       exit.c.obj                    41     14                 6                 
       cpy_tbl.c.obj                 36     0                  0                 
       memcpy.c.obj                  29     0                  0                 
       _lock.c.obj                   9      10                 4                 
       args_main.c.obj               18     0                  0                 
       pre_init.c.obj                2      0                  0                 
       startup.c.obj                 1      0                  0                 
    +--+-----------------------------+------+------------------+--------------------+
       Total:                        358    24                 10                
                                                                                 
       Stack:                        0      0                  512               
    +--+-----------------------------+------+------------------+--------------------+
       Grand Total:                  6918   1052               800               


LINKER GENERATED MEMRANGE CRC TABLES

_ccs_flash_checksum @ 00000000 records: 12, size/record: 6, table size: 78, algorithm=C28_CHECKSUM_16(ID=13), CRC: 0000d6c3
	BEGIN: page=0, load addr=00080000, size=00000002
	BOOTA: page=0, load addr=00080002, size=00003ffe
	BL_SELECT: page=0, load addr=00084000, size=00000002
	BOOTB: page=0, load addr=00084002, size=00003ffe
	APP: page=0, load addr=00088000, size=00020000
	FLASHI: page=0, load addr=000a8000, size=00008000
	FLASHJ: page=0, load addr=000b0000, size=00008000
	FLASHK: page=0, load addr=000b8000, size=00002000
	FLASHL: page=0, load addr=000ba000, size=00002000
	FLASHM: page=0, load addr=000bc000, size=00002000
	FLASHN: page=0, load addr=000be000, size=00001ff0
	FLASHN_DO_NOT_USE: page=0, load addr=000bfff0, size=00000010


GLOBAL DATA SYMBOLS: SORTED BY DATA PAGE

address     data page           name
--------    ----------------    ----
00000040       1 (00000040)     _IPC_CPU1_To_CPU2_PutBuffer

00000400      10 (00000400)     __stack

00000600      18 (00000600)     _IPC_CPU1_To_CPU2_GetBuffer

0000a800     2a0 (0000a800)     _Example_Result
0000a802     2a0 (0000a800)     _Example_PassCount
0000a804     2a0 (0000a800)     _Example_Fail
0000a806     2a0 (0000a800)     ___TI_enable_exit_profile_output
0000a808     2a0 (0000a800)     ___TI_cleanup_ptr
0000a80a     2a0 (0000a800)     ___TI_dtors_ptr
0000a80c     2a0 (0000a800)     __lock
0000a80e     2a0 (0000a800)     __unlock


GLOBAL SYMBOLS: SORTED ALPHABETICALLY BY Name 

page  address   name                                      
----  -------   ----                                      
0     00080004  .text                                     
0     000817ae  C$$EXIT                                   
0     0008162e  FS$$DIV                                   
0     00081591  _Board_init                               
0     000801a7  _CAN_clearInterruptStatus                 
0     00080635  _CAN_clearMessage                         
0     000806a3  _CAN_disableAllMessageObjects             
0     0008066c  _CAN_disableMessageObject                 
0     000815b9  _CAN_init                                 
0     000800c6  _CAN_initModule                           
0     00080526  _CAN_readMessage                          
0     0008058c  _CAN_readMessageWithID                    
0     000802c8  _CAN_sendMessage                          
0     0008033a  _CAN_sendMessage_16bit                    
0     000803ac  _CAN_sendMessage_32bit                    
0     0008041e  _CAN_sendMessage_updateDLC                
0     000804d6  _CAN_sendRemoteRequestMessage             
0     000800e2  _CAN_setBitRate                           
0     00080143  _CAN_setBitTiming                         
0     000801ed  _CAN_setupMessageObject                   
0     000805cf  _CAN_transferMessage                      
0     00080f8e  _Device_bootCPU2                          
0     00080f5d  _Device_configureTMXAnalogTrim            
0     00080e0b  _Device_enableAllPeripherals              
0     00080f47  _Device_enableUnbondedGPIOPullups         
0     00080f2a  _Device_enableUnbondedGPIOPullupsFor100Pin
0     00080f17  _Device_enableUnbondedGPIOPullupsFor176Pin
0     00080db8  _Device_init                              
0     00080ef6  _Device_initGPIO                          
1     0000a804  _Example_Fail                             
1     0000a802  _Example_PassCount                        
1     0000a800  _Example_Result                           
0     00081119  _Example_done                             
0     00081114  _Example_setResultFail                    
0     0008110f  _Example_setResultPass                    
0     000080e1  _Flash_initModule                         
0     00008124  _Flash_powerDown                          
0     0000813e  _Flash_wakeFromLPM                        
0     0008116f  _GPIO_getDirectionMode                    
0     00081215  _GPIO_getPadConfig                        
0     0008128a  _GPIO_getQualificationMode                
0     00081326  _GPIO_setAnalogMode                       
0     000812ef  _GPIO_setControllerCore                   
0     0008113e  _GPIO_setDirectionMode                    
0     0008118f  _GPIO_setInterruptPin                     
0     000811c3  _GPIO_setPadConfig                        
0     0008135a  _GPIO_setPinConfig                        
0     00081253  _GPIO_setQualificationMode                
0     000812b6  _GPIO_setQualificationPeriod              
0     00081615  _INTERRUPT_init                           
0     00081825  _INT_myCAN0_0_ISR                         
0     00081818  _INT_myCAN0_1_ISR                         
1     00000600  _IPC_CPU1_To_CPU2_GetBuffer               
1     00000040  _IPC_CPU1_To_CPU2_PutBuffer               
0     00081784  _Interrupt_defaultHandler                 
0     000814bc  _Interrupt_disable                        
0     00081485  _Interrupt_enable                         
0     0008179a  _Interrupt_illegalOperationHandler        
0     0008142a  _Interrupt_initModule                     
0     00081467  _Interrupt_initVectorTable                
0     000817a4  _Interrupt_nmiHandler                     
0     0008159a  _PinMux_init                              
0     00081db0  _RamfuncsLoadEnd                          
abs   00000158  _RamfuncsLoadSize                         
0     00081c58  _RamfuncsLoadStart                        
0     00008158  _RamfuncsRunEnd                           
abs   00000158  _RamfuncsRunSize                          
0     00008000  _RamfuncsRunStart                         
0     00008154  _SysCtl_delay                             
0     00080816  _SysCtl_getAuxClock                       
0     000807c5  _SysCtl_getClock                          
0     00080cb6  _SysCtl_getDeviceParametric               
0     00080c9c  _SysCtl_getLowSpeedClock                  
0     00080c17  _SysCtl_selectOscSource                   
0     00080c5f  _SysCtl_selectOscSourceAuxPLL             
0     00080b87  _SysCtl_selectXTAL                        
0     00080a60  _SysCtl_setAuxClock                       
0     00080857  _SysCtl_setClock                          
1     00000600  __STACK_END                               
abs   00000200  __STACK_SIZE                              
0     00000000  __TI_MEMRANGE_CRC__ccs_flash_checksum     
1     0000a808  ___TI_cleanup_ptr                         
1     0000a80a  ___TI_dtors_ptr                           
1     0000a806  ___TI_enable_exit_profile_output          
abs   ffffffff  ___TI_pprof_out_hndl                      
abs   ffffffff  ___TI_prof_data_size                      
abs   ffffffff  ___TI_prof_data_start                     
abs   ffffffff  ___binit__                                
abs   ffffffff  ___c_args__                               
0     00081db0  ___cinit__                                
0     00081108  ___error__                                
0     00081858  ___etext__                                
abs   ffffffff  ___pinit__                                
0     00080004  ___text__                                 
0     00081832  __args_main                               
1     0000a80c  __lock                                    
0     0008184c  __nop                                     
0     00081848  __register_lock                           
0     00081844  __register_unlock                         
1     00000400  __stack                                   
0     00081857  __system_post_cinit                       
0     00081855  __system_pre_init                         
1     0000a80e  __unlock                                  
0     000817ae  _abort                                    
0     000816b6  _c_int00                                  
0     00000000  _ccs_flash_checksum                       
0     000817d7  _copy_in                                  
0     000817b0  _exit                                     
0     00081752  _initc2000                                
0     00081760  _main                                     
0     000817fb  _memcpy                                   
0     000815bc  _myCAN0_init                              
abs   ffffffff  binit                                     
0     00081db0  cinit                                     
0     00080000  code_start                                
0     00081858  etext                                     
abs   ffffffff  pinit                                     


GLOBAL SYMBOLS: SORTED BY Symbol Address 

page  address   name                                      
----  -------   ----                                      
0     00000000  __TI_MEMRANGE_CRC__ccs_flash_checksum     
0     00000000  _ccs_flash_checksum                       
0     00008000  _RamfuncsRunStart                         
0     000080e1  _Flash_initModule                         
0     00008124  _Flash_powerDown                          
0     0000813e  _Flash_wakeFromLPM                        
0     00008154  _SysCtl_delay                             
0     00008158  _RamfuncsRunEnd                           
0     00080000  code_start                                
0     00080004  .text                                     
0     00080004  ___text__                                 
0     000800c6  _CAN_initModule                           
0     000800e2  _CAN_setBitRate                           
0     00080143  _CAN_setBitTiming                         
0     000801a7  _CAN_clearInterruptStatus                 
0     000801ed  _CAN_setupMessageObject                   
0     000802c8  _CAN_sendMessage                          
0     0008033a  _CAN_sendMessage_16bit                    
0     000803ac  _CAN_sendMessage_32bit                    
0     0008041e  _CAN_sendMessage_updateDLC                
0     000804d6  _CAN_sendRemoteRequestMessage             
0     00080526  _CAN_readMessage                          
0     0008058c  _CAN_readMessageWithID                    
0     000805cf  _CAN_transferMessage                      
0     00080635  _CAN_clearMessage                         
0     0008066c  _CAN_disableMessageObject                 
0     000806a3  _CAN_disableAllMessageObjects             
0     000807c5  _SysCtl_getClock                          
0     00080816  _SysCtl_getAuxClock                       
0     00080857  _SysCtl_setClock                          
0     00080a60  _SysCtl_setAuxClock                       
0     00080b87  _SysCtl_selectXTAL                        
0     00080c17  _SysCtl_selectOscSource                   
0     00080c5f  _SysCtl_selectOscSourceAuxPLL             
0     00080c9c  _SysCtl_getLowSpeedClock                  
0     00080cb6  _SysCtl_getDeviceParametric               
0     00080db8  _Device_init                              
0     00080e0b  _Device_enableAllPeripherals              
0     00080ef6  _Device_initGPIO                          
0     00080f17  _Device_enableUnbondedGPIOPullupsFor176Pin
0     00080f2a  _Device_enableUnbondedGPIOPullupsFor100Pin
0     00080f47  _Device_enableUnbondedGPIOPullups         
0     00080f5d  _Device_configureTMXAnalogTrim            
0     00080f8e  _Device_bootCPU2                          
0     00081108  ___error__                                
0     0008110f  _Example_setResultPass                    
0     00081114  _Example_setResultFail                    
0     00081119  _Example_done                             
0     0008113e  _GPIO_setDirectionMode                    
0     0008116f  _GPIO_getDirectionMode                    
0     0008118f  _GPIO_setInterruptPin                     
0     000811c3  _GPIO_setPadConfig                        
0     00081215  _GPIO_getPadConfig                        
0     00081253  _GPIO_setQualificationMode                
0     0008128a  _GPIO_getQualificationMode                
0     000812b6  _GPIO_setQualificationPeriod              
0     000812ef  _GPIO_setControllerCore                   
0     00081326  _GPIO_setAnalogMode                       
0     0008135a  _GPIO_setPinConfig                        
0     0008142a  _Interrupt_initModule                     
0     00081467  _Interrupt_initVectorTable                
0     00081485  _Interrupt_enable                         
0     000814bc  _Interrupt_disable                        
0     00081591  _Board_init                               
0     0008159a  _PinMux_init                              
0     000815b9  _CAN_init                                 
0     000815bc  _myCAN0_init                              
0     00081615  _INTERRUPT_init                           
0     0008162e  FS$$DIV                                   
0     000816b6  _c_int00                                  
0     00081752  _initc2000                                
0     00081760  _main                                     
0     00081784  _Interrupt_defaultHandler                 
0     0008179a  _Interrupt_illegalOperationHandler        
0     000817a4  _Interrupt_nmiHandler                     
0     000817ae  C$$EXIT                                   
0     000817ae  _abort                                    
0     000817b0  _exit                                     
0     000817d7  _copy_in                                  
0     000817fb  _memcpy                                   
0     00081818  _INT_myCAN0_1_ISR                         
0     00081825  _INT_myCAN0_0_ISR                         
0     00081832  __args_main                               
0     00081844  __register_unlock                         
0     00081848  __register_lock                           
0     0008184c  __nop                                     
0     00081855  __system_pre_init                         
0     00081857  __system_post_cinit                       
0     00081858  ___etext__                                
0     00081858  etext                                     
0     00081c58  _RamfuncsLoadStart                        
0     00081db0  _RamfuncsLoadEnd                          
0     00081db0  ___cinit__                                
0     00081db0  cinit                                     
1     00000040  _IPC_CPU1_To_CPU2_PutBuffer               
1     00000400  __stack                                   
1     00000600  _IPC_CPU1_To_CPU2_GetBuffer               
1     00000600  __STACK_END                               
1     0000a800  _Example_Result                           
1     0000a802  _Example_PassCount                        
1     0000a804  _Example_Fail                             
1     0000a806  ___TI_enable_exit_profile_output          
1     0000a808  ___TI_cleanup_ptr                         
1     0000a80a  ___TI_dtors_ptr                           
1     0000a80c  __lock                                    
1     0000a80e  __unlock                                  
abs   00000158  _RamfuncsLoadSize                         
abs   00000158  _RamfuncsRunSize                          
abs   00000200  __STACK_SIZE                              
abs   ffffffff  ___TI_pprof_out_hndl                      
abs   ffffffff  ___TI_prof_data_size                      
abs   ffffffff  ___TI_prof_data_start                     
abs   ffffffff  ___binit__                                
abs   ffffffff  ___c_args__                               
abs   ffffffff  ___pinit__                                
abs   ffffffff  binit                                     
abs   ffffffff  pinit                                     

[117 symbols]
