<?xml version="1.0" encoding="ISO-8859-1" ?>
<link_info>
   <banner>TMS320C2000 Linker PC v22.6.1.LTS</banner>
   <copyright>Copyright (c) 1996-2018 Texas Instruments Incorporated</copyright>
   <link_time>0x66753ea7</link_time>
   <link_errors>0x0</link_errors>
   <output_file>F28379D_SysConfig_Demo.out</output_file>
   <entry_point>
      <name>_c_int00</name>
      <address>0x816b6</address>
   </entry_point>
   <input_file_list>
      <input_file id="fl-2">
         <path>.\syscfg\</path>
         <kind>object</kind>
         <file>board.obj</file>
         <name>board.obj</name>
      </input_file>
      <input_file id="fl-3">
         <path>.\syscfg\</path>
         <kind>object</kind>
         <file>c2000ware_libraries.obj</file>
         <name>c2000ware_libraries.obj</name>
      </input_file>
      <input_file id="fl-4">
         <path>.\</path>
         <kind>object</kind>
         <file>main.obj</file>
         <name>main.obj</name>
      </input_file>
      <input_file id="fl-5">
         <path>.\device\</path>
         <kind>object</kind>
         <file>F2837xD_CodeStartBranch.obj</file>
         <name>F2837xD_CodeStartBranch.obj</name>
      </input_file>
      <input_file id="fl-6">
         <path>.\device\</path>
         <kind>object</kind>
         <file>device.obj</file>
         <name>device.obj</name>
      </input_file>
      <input_file id="fl-7">
         <path>.\device\driverlib\</path>
         <kind>object</kind>
         <file>adc.obj</file>
         <name>adc.obj</name>
      </input_file>
      <input_file id="fl-8">
         <path>.\device\driverlib\</path>
         <kind>object</kind>
         <file>asysctl.obj</file>
         <name>asysctl.obj</name>
      </input_file>
      <input_file id="fl-9">
         <path>.\device\driverlib\</path>
         <kind>object</kind>
         <file>can.obj</file>
         <name>can.obj</name>
      </input_file>
      <input_file id="fl-a">
         <path>.\device\driverlib\</path>
         <kind>object</kind>
         <file>cla.obj</file>
         <name>cla.obj</name>
      </input_file>
      <input_file id="fl-b">
         <path>.\device\driverlib\</path>
         <kind>object</kind>
         <file>clb.obj</file>
         <name>clb.obj</name>
      </input_file>
      <input_file id="fl-c">
         <path>.\device\driverlib\</path>
         <kind>object</kind>
         <file>cmpss.obj</file>
         <name>cmpss.obj</name>
      </input_file>
      <input_file id="fl-d">
         <path>.\device\driverlib\</path>
         <kind>object</kind>
         <file>cputimer.obj</file>
         <name>cputimer.obj</name>
      </input_file>
      <input_file id="fl-e">
         <path>.\device\driverlib\</path>
         <kind>object</kind>
         <file>dac.obj</file>
         <name>dac.obj</name>
      </input_file>
      <input_file id="fl-f">
         <path>.\device\driverlib\</path>
         <kind>object</kind>
         <file>dcsm.obj</file>
         <name>dcsm.obj</name>
      </input_file>
      <input_file id="fl-10">
         <path>.\device\driverlib\</path>
         <kind>object</kind>
         <file>dma.obj</file>
         <name>dma.obj</name>
      </input_file>
      <input_file id="fl-11">
         <path>.\device\driverlib\</path>
         <kind>object</kind>
         <file>ecap.obj</file>
         <name>ecap.obj</name>
      </input_file>
      <input_file id="fl-12">
         <path>.\device\driverlib\</path>
         <kind>object</kind>
         <file>emif.obj</file>
         <name>emif.obj</name>
      </input_file>
      <input_file id="fl-13">
         <path>.\device\driverlib\</path>
         <kind>object</kind>
         <file>epwm.obj</file>
         <name>epwm.obj</name>
      </input_file>
      <input_file id="fl-14">
         <path>.\device\driverlib\</path>
         <kind>object</kind>
         <file>eqep.obj</file>
         <name>eqep.obj</name>
      </input_file>
      <input_file id="fl-15">
         <path>.\device\driverlib\</path>
         <kind>object</kind>
         <file>flash.obj</file>
         <name>flash.obj</name>
      </input_file>
      <input_file id="fl-16">
         <path>.\device\driverlib\</path>
         <kind>object</kind>
         <file>gpio.obj</file>
         <name>gpio.obj</name>
      </input_file>
      <input_file id="fl-17">
         <path>.\device\driverlib\</path>
         <kind>object</kind>
         <file>hrpwm.obj</file>
         <name>hrpwm.obj</name>
      </input_file>
      <input_file id="fl-18">
         <path>.\device\driverlib\</path>
         <kind>object</kind>
         <file>i2c.obj</file>
         <name>i2c.obj</name>
      </input_file>
      <input_file id="fl-19">
         <path>.\device\driverlib\</path>
         <kind>object</kind>
         <file>interrupt.obj</file>
         <name>interrupt.obj</name>
      </input_file>
      <input_file id="fl-1a">
         <path>.\device\driverlib\</path>
         <kind>object</kind>
         <file>ipc.obj</file>
         <name>ipc.obj</name>
      </input_file>
      <input_file id="fl-1b">
         <path>.\device\driverlib\</path>
         <kind>object</kind>
         <file>mcbsp.obj</file>
         <name>mcbsp.obj</name>
      </input_file>
      <input_file id="fl-1c">
         <path>.\device\driverlib\</path>
         <kind>object</kind>
         <file>memcfg.obj</file>
         <name>memcfg.obj</name>
      </input_file>
      <input_file id="fl-1d">
         <path>.\device\driverlib\</path>
         <kind>object</kind>
         <file>sci.obj</file>
         <name>sci.obj</name>
      </input_file>
      <input_file id="fl-1e">
         <path>.\device\driverlib\</path>
         <kind>object</kind>
         <file>sdfm.obj</file>
         <name>sdfm.obj</name>
      </input_file>
      <input_file id="fl-1f">
         <path>.\device\driverlib\</path>
         <kind>object</kind>
         <file>spi.obj</file>
         <name>spi.obj</name>
      </input_file>
      <input_file id="fl-20">
         <path>.\device\driverlib\</path>
         <kind>object</kind>
         <file>sysctl.obj</file>
         <name>sysctl.obj</name>
      </input_file>
      <input_file id="fl-21">
         <path>.\device\driverlib\</path>
         <kind>object</kind>
         <file>upp.obj</file>
         <name>upp.obj</name>
      </input_file>
      <input_file id="fl-22">
         <path>.\device\driverlib\</path>
         <kind>object</kind>
         <file>usb.obj</file>
         <name>usb.obj</name>
      </input_file>
      <input_file id="fl-23">
         <path>.\device\driverlib\</path>
         <kind>object</kind>
         <file>version.obj</file>
         <name>version.obj</name>
      </input_file>
      <input_file id="fl-24">
         <path>.\device\driverlib\</path>
         <kind>object</kind>
         <file>xbar.obj</file>
         <name>xbar.obj</name>
      </input_file>
      <input_file id="fl-28">
         <kind>object</kind>
         <file>&lt;internal&gt;</file>
         <name>&lt;internal&gt;</name>
      </input_file>
      <input_file id="fl-34">
         <path>C:\ti\ccs1271\ccs\tools\compiler\ti-cgt-c2000_22.6.1.LTS\lib\</path>
         <kind>archive</kind>
         <file>rts2800_fpu32.lib</file>
         <name>boot28.asm.obj</name>
      </input_file>
      <input_file id="fl-35">
         <path>C:\ti\ccs1271\ccs\tools\compiler\ti-cgt-c2000_22.6.1.LTS\lib\</path>
         <kind>archive</kind>
         <file>rts2800_fpu32.lib</file>
         <name>fs_div28.asm.obj</name>
      </input_file>
      <input_file id="fl-36">
         <path>C:\ti\ccs1271\ccs\tools\compiler\ti-cgt-c2000_22.6.1.LTS\lib\</path>
         <kind>archive</kind>
         <file>rts2800_fpu32.lib</file>
         <name>cpy_tbl.c.obj</name>
      </input_file>
      <input_file id="fl-37">
         <path>C:\ti\ccs1271\ccs\tools\compiler\ti-cgt-c2000_22.6.1.LTS\lib\</path>
         <kind>archive</kind>
         <file>rts2800_fpu32.lib</file>
         <name>memcpy.c.obj</name>
      </input_file>
      <input_file id="fl-38">
         <path>C:\ti\ccs1271\ccs\tools\compiler\ti-cgt-c2000_22.6.1.LTS\lib\</path>
         <kind>archive</kind>
         <file>rts2800_fpu32.lib</file>
         <name>pre_init.c.obj</name>
      </input_file>
      <input_file id="fl-39">
         <path>C:\ti\ccs1271\ccs\tools\compiler\ti-cgt-c2000_22.6.1.LTS\lib\</path>
         <kind>archive</kind>
         <file>rts2800_fpu32.lib</file>
         <name>startup.c.obj</name>
      </input_file>
      <input_file id="fl-3a">
         <path>C:\ti\ccs1271\ccs\tools\compiler\ti-cgt-c2000_22.6.1.LTS\lib\</path>
         <kind>archive</kind>
         <file>rts2800_fpu32.lib</file>
         <name>exit.c.obj</name>
      </input_file>
      <input_file id="fl-3b">
         <path>C:\ti\ccs1271\ccs\tools\compiler\ti-cgt-c2000_22.6.1.LTS\lib\</path>
         <kind>archive</kind>
         <file>rts2800_fpu32.lib</file>
         <name>_lock.c.obj</name>
      </input_file>
      <input_file id="fl-3c">
         <path>C:\ti\ccs1271\ccs\tools\compiler\ti-cgt-c2000_22.6.1.LTS\lib\</path>
         <kind>archive</kind>
         <file>rts2800_fpu32.lib</file>
         <name>args_main.c.obj</name>
      </input_file>
   </input_file_list>
   <object_component_list>
      <object_component id="oc-33">
         <name>.cinit</name>
         <load_address>0x81db0</load_address>
         <run_address>0x81db0</run_address>
         <size>0xf</size>
         <input_file_ref idref="fl-6"/>
      </object_component>
      <object_component id="oc-103">
         <name>.cinit</name>
         <load_address>0x81dbf</load_address>
         <run_address>0x81dbf</run_address>
         <size>0xe</size>
         <input_file_ref idref="fl-3a"/>
      </object_component>
      <object_component id="oc-11b">
         <name>.cinit:__lock</name>
         <load_address>0x81dcd</load_address>
         <run_address>0x81dcd</run_address>
         <size>0x5</size>
         <input_file_ref idref="fl-3b"/>
      </object_component>
      <object_component id="oc-121">
         <name>.cinit:__unlock</name>
         <load_address>0x81dd2</load_address>
         <run_address>0x81dd2</run_address>
         <size>0x5</size>
         <input_file_ref idref="fl-3b"/>
      </object_component>
      <object_component id="oc-11f">
         <name>.text</name>
         <load_address>0x80004</load_address>
         <run_address>0x80004</run_address>
         <size>0x6d6</size>
         <input_file_ref idref="fl-9"/>
      </object_component>
      <object_component id="oc-123">
         <name>.text</name>
         <load_address>0x806da</load_address>
         <run_address>0x806da</run_address>
         <size>0x644</size>
         <input_file_ref idref="fl-20"/>
      </object_component>
      <object_component id="oc-11c">
         <name>.text</name>
         <load_address>0x80d1e</load_address>
         <run_address>0x80d1e</run_address>
         <size>0x3fc</size>
         <input_file_ref idref="fl-6"/>
      </object_component>
      <object_component id="oc-124">
         <name>.text</name>
         <load_address>0x8111a</load_address>
         <run_address>0x8111a</run_address>
         <size>0x277</size>
         <input_file_ref idref="fl-16"/>
      </object_component>
      <object_component id="oc-11d">
         <name>.text</name>
         <load_address>0x81391</load_address>
         <run_address>0x81391</run_address>
         <size>0x179</size>
         <input_file_ref idref="fl-19"/>
      </object_component>
      <object_component id="oc-11e">
         <name>.text</name>
         <load_address>0x8150a</load_address>
         <run_address>0x8150a</run_address>
         <size>0x124</size>
         <input_file_ref idref="fl-2"/>
      </object_component>
      <object_component id="oc-e9">
         <name>.text</name>
         <load_address>0x8162e</load_address>
         <run_address>0x8162e</run_address>
         <size>0x88</size>
         <input_file_ref idref="fl-35"/>
      </object_component>
      <object_component id="oc-1a">
         <name>.text</name>
         <load_address>0x816b6</load_address>
         <run_address>0x816b6</run_address>
         <size>0x56</size>
         <input_file_ref idref="fl-34"/>
      </object_component>
      <object_component id="oc-126">
         <name>.text</name>
         <load_address>0x8170c</load_address>
         <run_address>0x8170c</run_address>
         <size>0x46</size>
         <input_file_ref idref="fl-15"/>
      </object_component>
      <object_component id="oc-119">
         <name>.text</name>
         <load_address>0x81752</load_address>
         <run_address>0x81752</run_address>
         <size>0x32</size>
         <input_file_ref idref="fl-4"/>
      </object_component>
      <object_component id="oc-9a">
         <name>.text:retain</name>
         <load_address>0x81784</load_address>
         <run_address>0x81784</run_address>
         <size>0x2a</size>
         <input_file_ref idref="fl-19"/>
      </object_component>
      <object_component id="oc-117">
         <name>.text</name>
         <load_address>0x817ae</load_address>
         <run_address>0x817ae</run_address>
         <size>0x29</size>
         <input_file_ref idref="fl-3a"/>
      </object_component>
      <object_component id="oc-114">
         <name>.text</name>
         <load_address>0x817d7</load_address>
         <run_address>0x817d7</run_address>
         <size>0x24</size>
         <input_file_ref idref="fl-36"/>
      </object_component>
      <object_component id="oc-118">
         <name>.text</name>
         <load_address>0x817fb</load_address>
         <run_address>0x817fb</run_address>
         <size>0x1d</size>
         <input_file_ref idref="fl-37"/>
      </object_component>
      <object_component id="oc-27">
         <name>.text:retain</name>
         <load_address>0x81818</load_address>
         <run_address>0x81818</run_address>
         <size>0x1a</size>
         <input_file_ref idref="fl-4"/>
      </object_component>
      <object_component id="oc-116">
         <name>.text</name>
         <load_address>0x81832</load_address>
         <run_address>0x81832</run_address>
         <size>0x12</size>
         <input_file_ref idref="fl-3c"/>
      </object_component>
      <object_component id="oc-120">
         <name>.text</name>
         <load_address>0x81844</load_address>
         <run_address>0x81844</run_address>
         <size>0x9</size>
         <input_file_ref idref="fl-3b"/>
      </object_component>
      <object_component id="oc-2c">
         <name>.text</name>
         <load_address>0x8184d</load_address>
         <run_address>0x8184d</run_address>
         <size>0x8</size>
         <input_file_ref idref="fl-5"/>
      </object_component>
      <object_component id="oc-113">
         <name>.text</name>
         <load_address>0x81855</load_address>
         <run_address>0x81855</run_address>
         <size>0x2</size>
         <input_file_ref idref="fl-38"/>
      </object_component>
      <object_component id="oc-115">
         <name>.text</name>
         <load_address>0x81857</load_address>
         <run_address>0x81857</run_address>
         <size>0x1</size>
         <input_file_ref idref="fl-39"/>
      </object_component>
      <object_component id="oc-2d">
         <name>codestart</name>
         <load_address>0x80000</load_address>
         <run_address>0x80000</run_address>
         <size>0x2</size>
         <input_file_ref idref="fl-5"/>
      </object_component>
      <object_component id="oc-122">
         <name>.TI.ramfunc</name>
         <load_address>0x81c58</load_address>
         <run_address>0x8000</run_address>
         <size>0x154</size>
         <input_file_ref idref="fl-15"/>
      </object_component>
      <object_component id="oc-c7">
         <name>.TI.ramfunc</name>
         <load_address>0x81dac</load_address>
         <run_address>0x8154</run_address>
         <size>0x4</size>
         <input_file_ref idref="fl-20"/>
      </object_component>
      <object_component id="oc-e3">
         <name>.stack</name>
         <uninitialized>true</uninitialized>
         <run_address>0x400</run_address>
         <size>0x0</size>
         <input_file_ref idref="fl-34"/>
      </object_component>
      <object_component id="oc-14d">
         <name>.stack</name>
         <uninitialized>true</uninitialized>
         <run_address>0x400</run_address>
         <size>0x0</size>
      </object_component>
      <object_component id="oc-34">
         <name>.ebss</name>
         <uninitialized>true</uninitialized>
         <run_address>0xa800</run_address>
         <size>0x6</size>
         <input_file_ref idref="fl-6"/>
      </object_component>
      <object_component id="oc-104">
         <name>.ebss</name>
         <uninitialized>true</uninitialized>
         <run_address>0xa806</run_address>
         <size>0x6</size>
         <input_file_ref idref="fl-3a"/>
      </object_component>
      <object_component id="oc-11a">
         <name>.ebss:__lock</name>
         <uninitialized>true</uninitialized>
         <run_address>0xa80c</run_address>
         <size>0x2</size>
         <input_file_ref idref="fl-3b"/>
      </object_component>
      <object_component id="oc-125">
         <name>.ebss:__unlock</name>
         <uninitialized>true</uninitialized>
         <run_address>0xa80e</run_address>
         <size>0x2</size>
         <input_file_ref idref="fl-3b"/>
      </object_component>
      <object_component id="oc-1c">
         <name>.econst:.string</name>
         <load_address>0x81858</load_address>
         <run_address>0x81858</run_address>
         <size>0x43</size>
         <input_file_ref idref="fl-2"/>
      </object_component>
      <object_component id="oc-c8">
         <name>.econst:.string</name>
         <load_address>0x8189c</load_address>
         <run_address>0x8189c</run_address>
         <size>0x3d</size>
         <input_file_ref idref="fl-20"/>
      </object_component>
      <object_component id="oc-86">
         <name>.econst:.string</name>
         <load_address>0x818da</load_address>
         <run_address>0x818da</run_address>
         <size>0x38</size>
         <input_file_ref idref="fl-15"/>
      </object_component>
      <object_component id="oc-a9">
         <name>.econst:.string</name>
         <load_address>0x81912</load_address>
         <run_address>0x81912</run_address>
         <size>0x38</size>
         <input_file_ref idref="fl-1b"/>
      </object_component>
      <object_component id="oc-7a">
         <name>.econst:.string</name>
         <load_address>0x8194a</load_address>
         <run_address>0x8194a</run_address>
         <size>0x37</size>
         <input_file_ref idref="fl-13"/>
      </object_component>
      <object_component id="oc-8c">
         <name>.econst:.string</name>
         <load_address>0x81982</load_address>
         <run_address>0x81982</run_address>
         <size>0x37</size>
         <input_file_ref idref="fl-16"/>
      </object_component>
      <object_component id="oc-43">
         <name>.econst:.string</name>
         <load_address>0x819ba</load_address>
         <run_address>0x819ba</run_address>
         <size>0x34</size>
         <input_file_ref idref="fl-9"/>
      </object_component>
      <object_component id="oc-4e">
         <name>.econst:.string</name>
         <load_address>0x819ee</load_address>
         <run_address>0x819ee</run_address>
         <size>0x34</size>
         <input_file_ref idref="fl-b"/>
      </object_component>
      <object_component id="oc-6c">
         <name>.econst:.string</name>
         <load_address>0x81a22</load_address>
         <run_address>0x81a22</run_address>
         <size>0x34</size>
         <input_file_ref idref="fl-10"/>
      </object_component>
      <object_component id="oc-b5">
         <name>.econst:.string</name>
         <load_address>0x81a56</load_address>
         <run_address>0x81a56</run_address>
         <size>0x34</size>
         <input_file_ref idref="fl-1d"/>
      </object_component>
      <object_component id="oc-c1">
         <name>.econst:.string</name>
         <load_address>0x81a8a</load_address>
         <run_address>0x81a8a</run_address>
         <size>0x34</size>
         <input_file_ref idref="fl-1f"/>
      </object_component>
      <object_component id="oc-9b">
         <name>.econst:.string</name>
         <load_address>0x81abe</load_address>
         <run_address>0x81abe</run_address>
         <size>0x20</size>
         <input_file_ref idref="fl-19"/>
      </object_component>
      <object_component id="oc-5a">
         <name>.econst:.string</name>
         <load_address>0x81ade</load_address>
         <run_address>0x81ade</run_address>
         <size>0x1f</size>
         <input_file_ref idref="fl-d"/>
      </object_component>
      <object_component id="oc-af">
         <name>.econst:.string</name>
         <load_address>0x81afe</load_address>
         <run_address>0x81afe</run_address>
         <size>0x1d</size>
         <input_file_ref idref="fl-1c"/>
      </object_component>
      <object_component id="oc-54">
         <name>.econst:.string</name>
         <load_address>0x81b1c</load_address>
         <run_address>0x81b1c</run_address>
         <size>0x1c</size>
         <input_file_ref idref="fl-c"/>
      </object_component>
      <object_component id="oc-66">
         <name>.econst:.string</name>
         <load_address>0x81b38</load_address>
         <run_address>0x81b38</run_address>
         <size>0x1b</size>
         <input_file_ref idref="fl-f"/>
      </object_component>
      <object_component id="oc-72">
         <name>.econst:.string</name>
         <load_address>0x81b54</load_address>
         <run_address>0x81b54</run_address>
         <size>0x1b</size>
         <input_file_ref idref="fl-11"/>
      </object_component>
      <object_component id="oc-80">
         <name>.econst:.string</name>
         <load_address>0x81b70</load_address>
         <run_address>0x81b70</run_address>
         <size>0x1b</size>
         <input_file_ref idref="fl-14"/>
      </object_component>
      <object_component id="oc-bb">
         <name>.econst:.string</name>
         <load_address>0x81b8c</load_address>
         <run_address>0x81b8c</run_address>
         <size>0x1b</size>
         <input_file_ref idref="fl-1e"/>
      </object_component>
      <object_component id="oc-3b">
         <name>.econst:.string</name>
         <load_address>0x81ba8</load_address>
         <run_address>0x81ba8</run_address>
         <size>0x1a</size>
         <input_file_ref idref="fl-7"/>
      </object_component>
      <object_component id="oc-60">
         <name>.econst:.string</name>
         <load_address>0x81bc2</load_address>
         <run_address>0x81bc2</run_address>
         <size>0x1a</size>
         <input_file_ref idref="fl-e"/>
      </object_component>
      <object_component id="oc-94">
         <name>.econst:.string</name>
         <load_address>0x81bdc</load_address>
         <run_address>0x81bdc</run_address>
         <size>0x1a</size>
         <input_file_ref idref="fl-18"/>
      </object_component>
      <object_component id="oc-a3">
         <name>.econst:.string</name>
         <load_address>0x81bf6</load_address>
         <run_address>0x81bf6</run_address>
         <size>0x1a</size>
         <input_file_ref idref="fl-1a"/>
      </object_component>
      <object_component id="oc-ce">
         <name>.econst:.string</name>
         <load_address>0x81c10</load_address>
         <run_address>0x81c10</run_address>
         <size>0x1a</size>
         <input_file_ref idref="fl-21"/>
      </object_component>
      <object_component id="oc-d4">
         <name>.econst:.string</name>
         <load_address>0x81c2a</load_address>
         <run_address>0x81c2a</run_address>
         <size>0x1a</size>
         <input_file_ref idref="fl-22"/>
      </object_component>
      <object_component id="oc-35">
         <name>.econst:.string</name>
         <load_address>0x81c44</load_address>
         <run_address>0x81c44</run_address>
         <size>0x13</size>
         <input_file_ref idref="fl-6"/>
      </object_component>
      <object_component id="oc-e4">
         <name>.reset</name>
         <load_address>0x3fffc0</load_address>
         <run_address>0x3fffc0</run_address>
         <size>0x2</size>
         <input_file_ref idref="fl-34"/>
      </object_component>
      <object_component id="oc-127">
         <name>.TI.memcrc:_ccs_flash_checksum</name>
         <load_address>0x0</load_address>
         <run_address>0x0</run_address>
         <size>0x4e</size>
      </object_component>
      <object_component id="oc-1b">
         <name>.debug_info</name>
         <load_address>0x0</load_address>
         <run_address>0x0</run_address>
         <size>0x121e</size>
         <input_file_ref idref="fl-2"/>
      </object_component>
      <object_component id="oc-21">
         <name>.debug_info</name>
         <load_address>0x121e</load_address>
         <run_address>0x121e</run_address>
         <size>0x345</size>
         <input_file_ref idref="fl-3"/>
      </object_component>
      <object_component id="oc-26">
         <name>.debug_info</name>
         <load_address>0x1563</load_address>
         <run_address>0x1563</run_address>
         <size>0x6a1</size>
         <input_file_ref idref="fl-4"/>
      </object_component>
      <object_component id="oc-2f">
         <name>.debug_info</name>
         <load_address>0x1c04</load_address>
         <run_address>0x1c04</run_address>
         <size>0x13f</size>
         <input_file_ref idref="fl-5"/>
      </object_component>
      <object_component id="oc-32">
         <name>.debug_info</name>
         <load_address>0x1d43</load_address>
         <run_address>0x1d43</run_address>
         <size>0x32e4</size>
         <input_file_ref idref="fl-6"/>
      </object_component>
      <object_component id="oc-3a">
         <name>.debug_info</name>
         <load_address>0x5027</load_address>
         <run_address>0x5027</run_address>
         <size>0x4e1</size>
         <input_file_ref idref="fl-7"/>
      </object_component>
      <object_component id="oc-40">
         <name>.debug_info</name>
         <load_address>0x5508</load_address>
         <run_address>0x5508</run_address>
         <size>0x196</size>
         <input_file_ref idref="fl-8"/>
      </object_component>
      <object_component id="oc-42">
         <name>.debug_info</name>
         <load_address>0x569e</load_address>
         <run_address>0x569e</run_address>
         <size>0x221e</size>
         <input_file_ref idref="fl-9"/>
      </object_component>
      <object_component id="oc-48">
         <name>.debug_info</name>
         <load_address>0x78bc</load_address>
         <run_address>0x78bc</run_address>
         <size>0x9b4</size>
         <input_file_ref idref="fl-a"/>
      </object_component>
      <object_component id="oc-4d">
         <name>.debug_info</name>
         <load_address>0x8270</load_address>
         <run_address>0x8270</run_address>
         <size>0x41b</size>
         <input_file_ref idref="fl-b"/>
      </object_component>
      <object_component id="oc-53">
         <name>.debug_info</name>
         <load_address>0x868b</load_address>
         <run_address>0x868b</run_address>
         <size>0x3cc</size>
         <input_file_ref idref="fl-c"/>
      </object_component>
      <object_component id="oc-59">
         <name>.debug_info</name>
         <load_address>0x8a57</load_address>
         <run_address>0x8a57</run_address>
         <size>0x46a</size>
         <input_file_ref idref="fl-d"/>
      </object_component>
      <object_component id="oc-5f">
         <name>.debug_info</name>
         <load_address>0x8ec1</load_address>
         <run_address>0x8ec1</run_address>
         <size>0x3f8</size>
         <input_file_ref idref="fl-e"/>
      </object_component>
      <object_component id="oc-65">
         <name>.debug_info</name>
         <load_address>0x92b9</load_address>
         <run_address>0x92b9</run_address>
         <size>0x736</size>
         <input_file_ref idref="fl-f"/>
      </object_component>
      <object_component id="oc-6b">
         <name>.debug_info</name>
         <load_address>0x99ef</load_address>
         <run_address>0x99ef</run_address>
         <size>0xd9b</size>
         <input_file_ref idref="fl-10"/>
      </object_component>
      <object_component id="oc-71">
         <name>.debug_info</name>
         <load_address>0xa78a</load_address>
         <run_address>0xa78a</run_address>
         <size>0x438</size>
         <input_file_ref idref="fl-11"/>
      </object_component>
      <object_component id="oc-77">
         <name>.debug_info</name>
         <load_address>0xabc2</load_address>
         <run_address>0xabc2</run_address>
         <size>0x193</size>
         <input_file_ref idref="fl-12"/>
      </object_component>
      <object_component id="oc-79">
         <name>.debug_info</name>
         <load_address>0xad55</load_address>
         <run_address>0xad55</run_address>
         <size>0xc74</size>
         <input_file_ref idref="fl-13"/>
      </object_component>
      <object_component id="oc-7f">
         <name>.debug_info</name>
         <load_address>0xb9c9</load_address>
         <run_address>0xb9c9</run_address>
         <size>0x3cb</size>
         <input_file_ref idref="fl-14"/>
      </object_component>
      <object_component id="oc-85">
         <name>.debug_info</name>
         <load_address>0xbd94</load_address>
         <run_address>0xbd94</run_address>
         <size>0x13c9</size>
         <input_file_ref idref="fl-15"/>
      </object_component>
      <object_component id="oc-8b">
         <name>.debug_info</name>
         <load_address>0xd15d</load_address>
         <run_address>0xd15d</run_address>
         <size>0x14f4</size>
         <input_file_ref idref="fl-16"/>
      </object_component>
      <object_component id="oc-91">
         <name>.debug_info</name>
         <load_address>0xe651</load_address>
         <run_address>0xe651</run_address>
         <size>0x194</size>
         <input_file_ref idref="fl-17"/>
      </object_component>
      <object_component id="oc-93">
         <name>.debug_info</name>
         <load_address>0xe7e5</load_address>
         <run_address>0xe7e5</run_address>
         <size>0x40b</size>
         <input_file_ref idref="fl-18"/>
      </object_component>
      <object_component id="oc-99">
         <name>.debug_info</name>
         <load_address>0xebf0</load_address>
         <run_address>0xebf0</run_address>
         <size>0xbe2</size>
         <input_file_ref idref="fl-19"/>
      </object_component>
      <object_component id="oc-a0">
         <name>.debug_info</name>
         <load_address>0xf7d2</load_address>
         <run_address>0xf7d2</run_address>
         <size>0xd16</size>
         <input_file_ref idref="fl-1a"/>
      </object_component>
      <object_component id="oc-a8">
         <name>.debug_info</name>
         <load_address>0x104e8</load_address>
         <run_address>0x104e8</run_address>
         <size>0x1bba</size>
         <input_file_ref idref="fl-1b"/>
      </object_component>
      <object_component id="oc-ae">
         <name>.debug_info</name>
         <load_address>0x120a2</load_address>
         <run_address>0x120a2</run_address>
         <size>0x4fd</size>
         <input_file_ref idref="fl-1c"/>
      </object_component>
      <object_component id="oc-b4">
         <name>.debug_info</name>
         <load_address>0x1259f</load_address>
         <run_address>0x1259f</run_address>
         <size>0x63a</size>
         <input_file_ref idref="fl-1d"/>
      </object_component>
      <object_component id="oc-ba">
         <name>.debug_info</name>
         <load_address>0x12bd9</load_address>
         <run_address>0x12bd9</run_address>
         <size>0x4f5</size>
         <input_file_ref idref="fl-1e"/>
      </object_component>
      <object_component id="oc-c0">
         <name>.debug_info</name>
         <load_address>0x130ce</load_address>
         <run_address>0x130ce</run_address>
         <size>0x7cf</size>
         <input_file_ref idref="fl-1f"/>
      </object_component>
      <object_component id="oc-c6">
         <name>.debug_info</name>
         <load_address>0x1389d</load_address>
         <run_address>0x1389d</run_address>
         <size>0x1ef0</size>
         <input_file_ref idref="fl-20"/>
      </object_component>
      <object_component id="oc-cd">
         <name>.debug_info</name>
         <load_address>0x1578d</load_address>
         <run_address>0x1578d</run_address>
         <size>0x5c4</size>
         <input_file_ref idref="fl-21"/>
      </object_component>
      <object_component id="oc-d3">
         <name>.debug_info</name>
         <load_address>0x15d51</load_address>
         <run_address>0x15d51</run_address>
         <size>0x420</size>
         <input_file_ref idref="fl-22"/>
      </object_component>
      <object_component id="oc-d9">
         <name>.debug_info</name>
         <load_address>0x16171</load_address>
         <run_address>0x16171</run_address>
         <size>0x366</size>
         <input_file_ref idref="fl-23"/>
      </object_component>
      <object_component id="oc-de">
         <name>.debug_info</name>
         <load_address>0x164d7</load_address>
         <run_address>0x164d7</run_address>
         <size>0x3075</size>
         <input_file_ref idref="fl-24"/>
      </object_component>
      <object_component id="oc-e5">
         <name>.debug_info</name>
         <load_address>0x1954c</load_address>
         <run_address>0x1954c</run_address>
         <size>0x173</size>
         <input_file_ref idref="fl-34"/>
      </object_component>
      <object_component id="oc-ea">
         <name>.debug_info</name>
         <load_address>0x196bf</load_address>
         <run_address>0x196bf</run_address>
         <size>0x114</size>
         <input_file_ref idref="fl-35"/>
      </object_component>
      <object_component id="oc-ee">
         <name>.debug_info</name>
         <load_address>0x197d3</load_address>
         <run_address>0x197d3</run_address>
         <size>0x561</size>
         <input_file_ref idref="fl-36"/>
      </object_component>
      <object_component id="oc-f3">
         <name>.debug_info</name>
         <load_address>0x19d34</load_address>
         <run_address>0x19d34</run_address>
         <size>0x43a</size>
         <input_file_ref idref="fl-37"/>
      </object_component>
      <object_component id="oc-f8">
         <name>.debug_info</name>
         <load_address>0x1a16e</load_address>
         <run_address>0x1a16e</run_address>
         <size>0x3ad</size>
         <input_file_ref idref="fl-38"/>
      </object_component>
      <object_component id="oc-fd">
         <name>.debug_info</name>
         <load_address>0x1a51b</load_address>
         <run_address>0x1a51b</run_address>
         <size>0x3aa</size>
         <input_file_ref idref="fl-39"/>
      </object_component>
      <object_component id="oc-102">
         <name>.debug_info</name>
         <load_address>0x1a8c5</load_address>
         <run_address>0x1a8c5</run_address>
         <size>0x544</size>
         <input_file_ref idref="fl-3a"/>
      </object_component>
      <object_component id="oc-109">
         <name>.debug_info</name>
         <load_address>0x1ae09</load_address>
         <run_address>0x1ae09</run_address>
         <size>0x4cc</size>
         <input_file_ref idref="fl-3b"/>
      </object_component>
      <object_component id="oc-10e">
         <name>.debug_info</name>
         <load_address>0x1b2d5</load_address>
         <run_address>0x1b2d5</run_address>
         <size>0x467</size>
         <input_file_ref idref="fl-3c"/>
      </object_component>
      <object_component id="oc-14f">
         <name>.debug_info</name>
         <load_address>0x1b73c</load_address>
         <run_address>0x1b73c</run_address>
         <size>0xae</size>
      </object_component>
      <object_component id="oc-1d">
         <name>.debug_frame</name>
         <load_address>0x0</load_address>
         <run_address>0x0</run_address>
         <size>0x150</size>
         <input_file_ref idref="fl-2"/>
      </object_component>
      <object_component id="oc-22">
         <name>.debug_frame</name>
         <load_address>0x150</load_address>
         <run_address>0x150</run_address>
         <size>0x28</size>
         <input_file_ref idref="fl-3"/>
      </object_component>
      <object_component id="oc-28">
         <name>.debug_frame</name>
         <load_address>0x178</load_address>
         <run_address>0x178</run_address>
         <size>0xa8</size>
         <input_file_ref idref="fl-4"/>
      </object_component>
      <object_component id="oc-36">
         <name>.debug_frame</name>
         <load_address>0x220</load_address>
         <run_address>0x220</run_address>
         <size>0x21c</size>
         <input_file_ref idref="fl-6"/>
      </object_component>
      <object_component id="oc-3c">
         <name>.debug_frame</name>
         <load_address>0x43c</load_address>
         <run_address>0x43c</run_address>
         <size>0x28</size>
         <input_file_ref idref="fl-7"/>
      </object_component>
      <object_component id="oc-44">
         <name>.debug_frame</name>
         <load_address>0x464</load_address>
         <run_address>0x464</run_address>
         <size>0x290</size>
         <input_file_ref idref="fl-9"/>
      </object_component>
      <object_component id="oc-49">
         <name>.debug_frame</name>
         <load_address>0x6f4</load_address>
         <run_address>0x6f4</run_address>
         <size>0x28</size>
         <input_file_ref idref="fl-a"/>
      </object_component>
      <object_component id="oc-4f">
         <name>.debug_frame</name>
         <load_address>0x71c</load_address>
         <run_address>0x71c</run_address>
         <size>0x28</size>
         <input_file_ref idref="fl-b"/>
      </object_component>
      <object_component id="oc-55">
         <name>.debug_frame</name>
         <load_address>0x744</load_address>
         <run_address>0x744</run_address>
         <size>0x28</size>
         <input_file_ref idref="fl-c"/>
      </object_component>
      <object_component id="oc-5b">
         <name>.debug_frame</name>
         <load_address>0x76c</load_address>
         <run_address>0x76c</run_address>
         <size>0x28</size>
         <input_file_ref idref="fl-d"/>
      </object_component>
      <object_component id="oc-61">
         <name>.debug_frame</name>
         <load_address>0x794</load_address>
         <run_address>0x794</run_address>
         <size>0x28</size>
         <input_file_ref idref="fl-e"/>
      </object_component>
      <object_component id="oc-67">
         <name>.debug_frame</name>
         <load_address>0x7bc</load_address>
         <run_address>0x7bc</run_address>
         <size>0x28</size>
         <input_file_ref idref="fl-f"/>
      </object_component>
      <object_component id="oc-6d">
         <name>.debug_frame</name>
         <load_address>0x7e4</load_address>
         <run_address>0x7e4</run_address>
         <size>0x28</size>
         <input_file_ref idref="fl-10"/>
      </object_component>
      <object_component id="oc-73">
         <name>.debug_frame</name>
         <load_address>0x80c</load_address>
         <run_address>0x80c</run_address>
         <size>0x28</size>
         <input_file_ref idref="fl-11"/>
      </object_component>
      <object_component id="oc-7b">
         <name>.debug_frame</name>
         <load_address>0x834</load_address>
         <run_address>0x834</run_address>
         <size>0x28</size>
         <input_file_ref idref="fl-13"/>
      </object_component>
      <object_component id="oc-81">
         <name>.debug_frame</name>
         <load_address>0x85c</load_address>
         <run_address>0x85c</run_address>
         <size>0x28</size>
         <input_file_ref idref="fl-14"/>
      </object_component>
      <object_component id="oc-87">
         <name>.debug_frame</name>
         <load_address>0x884</load_address>
         <run_address>0x884</run_address>
         <size>0x1b0</size>
         <input_file_ref idref="fl-15"/>
      </object_component>
      <object_component id="oc-8d">
         <name>.debug_frame</name>
         <load_address>0xa34</load_address>
         <run_address>0xa34</run_address>
         <size>0x194</size>
         <input_file_ref idref="fl-16"/>
      </object_component>
      <object_component id="oc-95">
         <name>.debug_frame</name>
         <load_address>0xbc8</load_address>
         <run_address>0xbc8</run_address>
         <size>0x28</size>
         <input_file_ref idref="fl-18"/>
      </object_component>
      <object_component id="oc-9c">
         <name>.debug_frame</name>
         <load_address>0xbf0</load_address>
         <run_address>0xbf0</run_address>
         <size>0x144</size>
         <input_file_ref idref="fl-19"/>
      </object_component>
      <object_component id="oc-a4">
         <name>.debug_frame</name>
         <load_address>0xd34</load_address>
         <run_address>0xd34</run_address>
         <size>0x28</size>
         <input_file_ref idref="fl-1a"/>
      </object_component>
      <object_component id="oc-aa">
         <name>.debug_frame</name>
         <load_address>0xd5c</load_address>
         <run_address>0xd5c</run_address>
         <size>0x28</size>
         <input_file_ref idref="fl-1b"/>
      </object_component>
      <object_component id="oc-b0">
         <name>.debug_frame</name>
         <load_address>0xd84</load_address>
         <run_address>0xd84</run_address>
         <size>0x28</size>
         <input_file_ref idref="fl-1c"/>
      </object_component>
      <object_component id="oc-b6">
         <name>.debug_frame</name>
         <load_address>0xdac</load_address>
         <run_address>0xdac</run_address>
         <size>0x28</size>
         <input_file_ref idref="fl-1d"/>
      </object_component>
      <object_component id="oc-bc">
         <name>.debug_frame</name>
         <load_address>0xdd4</load_address>
         <run_address>0xdd4</run_address>
         <size>0x28</size>
         <input_file_ref idref="fl-1e"/>
      </object_component>
      <object_component id="oc-c2">
         <name>.debug_frame</name>
         <load_address>0xdfc</load_address>
         <run_address>0xdfc</run_address>
         <size>0x28</size>
         <input_file_ref idref="fl-1f"/>
      </object_component>
      <object_component id="oc-c9">
         <name>.debug_frame</name>
         <load_address>0xe24</load_address>
         <run_address>0xe24</run_address>
         <size>0x274</size>
         <input_file_ref idref="fl-20"/>
      </object_component>
      <object_component id="oc-cf">
         <name>.debug_frame</name>
         <load_address>0x1098</load_address>
         <run_address>0x1098</run_address>
         <size>0x28</size>
         <input_file_ref idref="fl-21"/>
      </object_component>
      <object_component id="oc-d5">
         <name>.debug_frame</name>
         <load_address>0x10c0</load_address>
         <run_address>0x10c0</run_address>
         <size>0x28</size>
         <input_file_ref idref="fl-22"/>
      </object_component>
      <object_component id="oc-da">
         <name>.debug_frame</name>
         <load_address>0x10e8</load_address>
         <run_address>0x10e8</run_address>
         <size>0x28</size>
         <input_file_ref idref="fl-23"/>
      </object_component>
      <object_component id="oc-df">
         <name>.debug_frame</name>
         <load_address>0x1110</load_address>
         <run_address>0x1110</run_address>
         <size>0x28</size>
         <input_file_ref idref="fl-24"/>
      </object_component>
      <object_component id="oc-ef">
         <name>.debug_frame</name>
         <load_address>0x1138</load_address>
         <run_address>0x1138</run_address>
         <size>0x60</size>
         <input_file_ref idref="fl-36"/>
      </object_component>
      <object_component id="oc-f4">
         <name>.debug_frame</name>
         <load_address>0x1198</load_address>
         <run_address>0x1198</run_address>
         <size>0x40</size>
         <input_file_ref idref="fl-37"/>
      </object_component>
      <object_component id="oc-f9">
         <name>.debug_frame</name>
         <load_address>0x11d8</load_address>
         <run_address>0x11d8</run_address>
         <size>0x40</size>
         <input_file_ref idref="fl-38"/>
      </object_component>
      <object_component id="oc-fe">
         <name>.debug_frame</name>
         <load_address>0x1218</load_address>
         <run_address>0x1218</run_address>
         <size>0x40</size>
         <input_file_ref idref="fl-39"/>
      </object_component>
      <object_component id="oc-105">
         <name>.debug_frame</name>
         <load_address>0x1258</load_address>
         <run_address>0x1258</run_address>
         <size>0x60</size>
         <input_file_ref idref="fl-3a"/>
      </object_component>
      <object_component id="oc-10a">
         <name>.debug_frame</name>
         <load_address>0x12b8</load_address>
         <run_address>0x12b8</run_address>
         <size>0x70</size>
         <input_file_ref idref="fl-3b"/>
      </object_component>
      <object_component id="oc-10f">
         <name>.debug_frame</name>
         <load_address>0x1328</load_address>
         <run_address>0x1328</run_address>
         <size>0x40</size>
         <input_file_ref idref="fl-3c"/>
      </object_component>
      <object_component id="oc-1e">
         <name>.debug_line</name>
         <load_address>0x0</load_address>
         <run_address>0x0</run_address>
         <size>0x205</size>
         <input_file_ref idref="fl-2"/>
      </object_component>
      <object_component id="oc-23">
         <name>.debug_line</name>
         <load_address>0x205</load_address>
         <run_address>0x205</run_address>
         <size>0x3d</size>
         <input_file_ref idref="fl-3"/>
      </object_component>
      <object_component id="oc-29">
         <name>.debug_line</name>
         <load_address>0x242</load_address>
         <run_address>0x242</run_address>
         <size>0x95</size>
         <input_file_ref idref="fl-4"/>
      </object_component>
      <object_component id="oc-2e">
         <name>.debug_line</name>
         <load_address>0x2d7</load_address>
         <run_address>0x2d7</run_address>
         <size>0x6a</size>
         <input_file_ref idref="fl-5"/>
      </object_component>
      <object_component id="oc-37">
         <name>.debug_line</name>
         <load_address>0x341</load_address>
         <run_address>0x341</run_address>
         <size>0x3ec</size>
         <input_file_ref idref="fl-6"/>
      </object_component>
      <object_component id="oc-3d">
         <name>.debug_line</name>
         <load_address>0x72d</load_address>
         <run_address>0x72d</run_address>
         <size>0x57</size>
         <input_file_ref idref="fl-7"/>
      </object_component>
      <object_component id="oc-45">
         <name>.debug_line</name>
         <load_address>0x784</load_address>
         <run_address>0x784</run_address>
         <size>0x57d</size>
         <input_file_ref idref="fl-9"/>
      </object_component>
      <object_component id="oc-4a">
         <name>.debug_line</name>
         <load_address>0xd01</load_address>
         <run_address>0xd01</run_address>
         <size>0x3a</size>
         <input_file_ref idref="fl-a"/>
      </object_component>
      <object_component id="oc-50">
         <name>.debug_line</name>
         <load_address>0xd3b</load_address>
         <run_address>0xd3b</run_address>
         <size>0x57</size>
         <input_file_ref idref="fl-b"/>
      </object_component>
      <object_component id="oc-56">
         <name>.debug_line</name>
         <load_address>0xd92</load_address>
         <run_address>0xd92</run_address>
         <size>0x5b</size>
         <input_file_ref idref="fl-c"/>
      </object_component>
      <object_component id="oc-5c">
         <name>.debug_line</name>
         <load_address>0xded</load_address>
         <run_address>0xded</run_address>
         <size>0x61</size>
         <input_file_ref idref="fl-d"/>
      </object_component>
      <object_component id="oc-62">
         <name>.debug_line</name>
         <load_address>0xe4e</load_address>
         <run_address>0xe4e</run_address>
         <size>0x57</size>
         <input_file_ref idref="fl-e"/>
      </object_component>
      <object_component id="oc-68">
         <name>.debug_line</name>
         <load_address>0xea5</load_address>
         <run_address>0xea5</run_address>
         <size>0x59</size>
         <input_file_ref idref="fl-f"/>
      </object_component>
      <object_component id="oc-6e">
         <name>.debug_line</name>
         <load_address>0xefe</load_address>
         <run_address>0xefe</run_address>
         <size>0x57</size>
         <input_file_ref idref="fl-10"/>
      </object_component>
      <object_component id="oc-74">
         <name>.debug_line</name>
         <load_address>0xf55</load_address>
         <run_address>0xf55</run_address>
         <size>0x59</size>
         <input_file_ref idref="fl-11"/>
      </object_component>
      <object_component id="oc-7c">
         <name>.debug_line</name>
         <load_address>0xfae</load_address>
         <run_address>0xfae</run_address>
         <size>0x79</size>
         <input_file_ref idref="fl-13"/>
      </object_component>
      <object_component id="oc-82">
         <name>.debug_line</name>
         <load_address>0x1027</load_address>
         <run_address>0x1027</run_address>
         <size>0x59</size>
         <input_file_ref idref="fl-14"/>
      </object_component>
      <object_component id="oc-88">
         <name>.debug_line</name>
         <load_address>0x1080</load_address>
         <run_address>0x1080</run_address>
         <size>0x1ec</size>
         <input_file_ref idref="fl-15"/>
      </object_component>
      <object_component id="oc-8e">
         <name>.debug_line</name>
         <load_address>0x126c</load_address>
         <run_address>0x126c</run_address>
         <size>0x2b6</size>
         <input_file_ref idref="fl-16"/>
      </object_component>
      <object_component id="oc-96">
         <name>.debug_line</name>
         <load_address>0x1522</load_address>
         <run_address>0x1522</run_address>
         <size>0x57</size>
         <input_file_ref idref="fl-18"/>
      </object_component>
      <object_component id="oc-9d">
         <name>.debug_line</name>
         <load_address>0x1579</load_address>
         <run_address>0x1579</run_address>
         <size>0x211</size>
         <input_file_ref idref="fl-19"/>
      </object_component>
      <object_component id="oc-a5">
         <name>.debug_line</name>
         <load_address>0x178a</load_address>
         <run_address>0x178a</run_address>
         <size>0x7a</size>
         <input_file_ref idref="fl-1a"/>
      </object_component>
      <object_component id="oc-ab">
         <name>.debug_line</name>
         <load_address>0x1804</load_address>
         <run_address>0x1804</run_address>
         <size>0x5b</size>
         <input_file_ref idref="fl-1b"/>
      </object_component>
      <object_component id="oc-b1">
         <name>.debug_line</name>
         <load_address>0x185f</load_address>
         <run_address>0x185f</run_address>
         <size>0x3d</size>
         <input_file_ref idref="fl-1c"/>
      </object_component>
      <object_component id="oc-b7">
         <name>.debug_line</name>
         <load_address>0x189c</load_address>
         <run_address>0x189c</run_address>
         <size>0x57</size>
         <input_file_ref idref="fl-1d"/>
      </object_component>
      <object_component id="oc-bd">
         <name>.debug_line</name>
         <load_address>0x18f3</load_address>
         <run_address>0x18f3</run_address>
         <size>0x59</size>
         <input_file_ref idref="fl-1e"/>
      </object_component>
      <object_component id="oc-c3">
         <name>.debug_line</name>
         <load_address>0x194c</load_address>
         <run_address>0x194c</run_address>
         <size>0x57</size>
         <input_file_ref idref="fl-1f"/>
      </object_component>
      <object_component id="oc-ca">
         <name>.debug_line</name>
         <load_address>0x19a3</load_address>
         <run_address>0x19a3</run_address>
         <size>0x6a5</size>
         <input_file_ref idref="fl-20"/>
      </object_component>
      <object_component id="oc-d0">
         <name>.debug_line</name>
         <load_address>0x2048</load_address>
         <run_address>0x2048</run_address>
         <size>0x57</size>
         <input_file_ref idref="fl-21"/>
      </object_component>
      <object_component id="oc-d6">
         <name>.debug_line</name>
         <load_address>0x209f</load_address>
         <run_address>0x209f</run_address>
         <size>0x3a</size>
         <input_file_ref idref="fl-22"/>
      </object_component>
      <object_component id="oc-db">
         <name>.debug_line</name>
         <load_address>0x20d9</load_address>
         <run_address>0x20d9</run_address>
         <size>0x3e</size>
         <input_file_ref idref="fl-23"/>
      </object_component>
      <object_component id="oc-e0">
         <name>.debug_line</name>
         <load_address>0x2117</load_address>
         <run_address>0x2117</run_address>
         <size>0x3b</size>
         <input_file_ref idref="fl-24"/>
      </object_component>
      <object_component id="oc-e6">
         <name>.debug_line</name>
         <load_address>0x2152</load_address>
         <run_address>0x2152</run_address>
         <size>0x7e</size>
         <input_file_ref idref="fl-34"/>
      </object_component>
      <object_component id="oc-eb">
         <name>.debug_line</name>
         <load_address>0x21d0</load_address>
         <run_address>0x21d0</run_address>
         <size>0xad</size>
         <input_file_ref idref="fl-35"/>
      </object_component>
      <object_component id="oc-f0">
         <name>.debug_line</name>
         <load_address>0x227d</load_address>
         <run_address>0x227d</run_address>
         <size>0x50</size>
         <input_file_ref idref="fl-36"/>
      </object_component>
      <object_component id="oc-f5">
         <name>.debug_line</name>
         <load_address>0x22cd</load_address>
         <run_address>0x22cd</run_address>
         <size>0x62</size>
         <input_file_ref idref="fl-37"/>
      </object_component>
      <object_component id="oc-fa">
         <name>.debug_line</name>
         <load_address>0x232f</load_address>
         <run_address>0x232f</run_address>
         <size>0x3e</size>
         <input_file_ref idref="fl-38"/>
      </object_component>
      <object_component id="oc-ff">
         <name>.debug_line</name>
         <load_address>0x236d</load_address>
         <run_address>0x236d</run_address>
         <size>0x3a</size>
         <input_file_ref idref="fl-39"/>
      </object_component>
      <object_component id="oc-106">
         <name>.debug_line</name>
         <load_address>0x23a7</load_address>
         <run_address>0x23a7</run_address>
         <size>0x65</size>
         <input_file_ref idref="fl-3a"/>
      </object_component>
      <object_component id="oc-10b">
         <name>.debug_line</name>
         <load_address>0x240c</load_address>
         <run_address>0x240c</run_address>
         <size>0x5e</size>
         <input_file_ref idref="fl-3b"/>
      </object_component>
      <object_component id="oc-110">
         <name>.debug_line</name>
         <load_address>0x246a</load_address>
         <run_address>0x246a</run_address>
         <size>0x4f</size>
         <input_file_ref idref="fl-3c"/>
      </object_component>
      <object_component id="oc-1f">
         <name>.debug_abbrev</name>
         <load_address>0x0</load_address>
         <run_address>0x0</run_address>
         <size>0x160</size>
         <input_file_ref idref="fl-2"/>
      </object_component>
      <object_component id="oc-24">
         <name>.debug_abbrev</name>
         <load_address>0x160</load_address>
         <run_address>0x160</run_address>
         <size>0x63</size>
         <input_file_ref idref="fl-3"/>
      </object_component>
      <object_component id="oc-2a">
         <name>.debug_abbrev</name>
         <load_address>0x1c3</load_address>
         <run_address>0x1c3</run_address>
         <size>0x106</size>
         <input_file_ref idref="fl-4"/>
      </object_component>
      <object_component id="oc-30">
         <name>.debug_abbrev</name>
         <load_address>0x2c9</load_address>
         <run_address>0x2c9</run_address>
         <size>0x21</size>
         <input_file_ref idref="fl-5"/>
      </object_component>
      <object_component id="oc-38">
         <name>.debug_abbrev</name>
         <load_address>0x2ea</load_address>
         <run_address>0x2ea</run_address>
         <size>0x1b6</size>
         <input_file_ref idref="fl-6"/>
      </object_component>
      <object_component id="oc-3e">
         <name>.debug_abbrev</name>
         <load_address>0x4a0</load_address>
         <run_address>0x4a0</run_address>
         <size>0x15e</size>
         <input_file_ref idref="fl-7"/>
      </object_component>
      <object_component id="oc-41">
         <name>.debug_abbrev</name>
         <load_address>0x5fe</load_address>
         <run_address>0x5fe</run_address>
         <size>0x21</size>
         <input_file_ref idref="fl-8"/>
      </object_component>
      <object_component id="oc-46">
         <name>.debug_abbrev</name>
         <load_address>0x61f</load_address>
         <run_address>0x61f</run_address>
         <size>0x19d</size>
         <input_file_ref idref="fl-9"/>
      </object_component>
      <object_component id="oc-4b">
         <name>.debug_abbrev</name>
         <load_address>0x7bc</load_address>
         <run_address>0x7bc</run_address>
         <size>0x9c</size>
         <input_file_ref idref="fl-a"/>
      </object_component>
      <object_component id="oc-51">
         <name>.debug_abbrev</name>
         <load_address>0x858</load_address>
         <run_address>0x858</run_address>
         <size>0x126</size>
         <input_file_ref idref="fl-b"/>
      </object_component>
      <object_component id="oc-57">
         <name>.debug_abbrev</name>
         <load_address>0x97e</load_address>
         <run_address>0x97e</run_address>
         <size>0xef</size>
         <input_file_ref idref="fl-c"/>
      </object_component>
      <object_component id="oc-5d">
         <name>.debug_abbrev</name>
         <load_address>0xa6d</load_address>
         <run_address>0xa6d</run_address>
         <size>0x10a</size>
         <input_file_ref idref="fl-d"/>
      </object_component>
      <object_component id="oc-63">
         <name>.debug_abbrev</name>
         <load_address>0xb77</load_address>
         <run_address>0xb77</run_address>
         <size>0xef</size>
         <input_file_ref idref="fl-e"/>
      </object_component>
      <object_component id="oc-69">
         <name>.debug_abbrev</name>
         <load_address>0xc66</load_address>
         <run_address>0xc66</run_address>
         <size>0x16c</size>
         <input_file_ref idref="fl-f"/>
      </object_component>
      <object_component id="oc-6f">
         <name>.debug_abbrev</name>
         <load_address>0xdd2</load_address>
         <run_address>0xdd2</run_address>
         <size>0x18d</size>
         <input_file_ref idref="fl-10"/>
      </object_component>
      <object_component id="oc-75">
         <name>.debug_abbrev</name>
         <load_address>0xf5f</load_address>
         <run_address>0xf5f</run_address>
         <size>0x101</size>
         <input_file_ref idref="fl-11"/>
      </object_component>
      <object_component id="oc-78">
         <name>.debug_abbrev</name>
         <load_address>0x1060</load_address>
         <run_address>0x1060</run_address>
         <size>0x21</size>
         <input_file_ref idref="fl-12"/>
      </object_component>
      <object_component id="oc-7d">
         <name>.debug_abbrev</name>
         <load_address>0x1081</load_address>
         <run_address>0x1081</run_address>
         <size>0x166</size>
         <input_file_ref idref="fl-13"/>
      </object_component>
      <object_component id="oc-83">
         <name>.debug_abbrev</name>
         <load_address>0x11e7</load_address>
         <run_address>0x11e7</run_address>
         <size>0xef</size>
         <input_file_ref idref="fl-14"/>
      </object_component>
      <object_component id="oc-89">
         <name>.debug_abbrev</name>
         <load_address>0x12d6</load_address>
         <run_address>0x12d6</run_address>
         <size>0x126</size>
         <input_file_ref idref="fl-15"/>
      </object_component>
      <object_component id="oc-8f">
         <name>.debug_abbrev</name>
         <load_address>0x13fc</load_address>
         <run_address>0x13fc</run_address>
         <size>0x1cf</size>
         <input_file_ref idref="fl-16"/>
      </object_component>
      <object_component id="oc-92">
         <name>.debug_abbrev</name>
         <load_address>0x15cb</load_address>
         <run_address>0x15cb</run_address>
         <size>0x21</size>
         <input_file_ref idref="fl-17"/>
      </object_component>
      <object_component id="oc-97">
         <name>.debug_abbrev</name>
         <load_address>0x15ec</load_address>
         <run_address>0x15ec</run_address>
         <size>0x151</size>
         <input_file_ref idref="fl-18"/>
      </object_component>
      <object_component id="oc-9e">
         <name>.debug_abbrev</name>
         <load_address>0x173d</load_address>
         <run_address>0x173d</run_address>
         <size>0x18d</size>
         <input_file_ref idref="fl-19"/>
      </object_component>
      <object_component id="oc-a6">
         <name>.debug_abbrev</name>
         <load_address>0x18ca</load_address>
         <run_address>0x18ca</run_address>
         <size>0x21d</size>
         <input_file_ref idref="fl-1a"/>
      </object_component>
      <object_component id="oc-ac">
         <name>.debug_abbrev</name>
         <load_address>0x1ae7</load_address>
         <run_address>0x1ae7</run_address>
         <size>0x1bf</size>
         <input_file_ref idref="fl-1b"/>
      </object_component>
      <object_component id="oc-b2">
         <name>.debug_abbrev</name>
         <load_address>0x1ca6</load_address>
         <run_address>0x1ca6</run_address>
         <size>0x151</size>
         <input_file_ref idref="fl-1c"/>
      </object_component>
      <object_component id="oc-b8">
         <name>.debug_abbrev</name>
         <load_address>0x1df7</load_address>
         <run_address>0x1df7</run_address>
         <size>0x19d</size>
         <input_file_ref idref="fl-1d"/>
      </object_component>
      <object_component id="oc-be">
         <name>.debug_abbrev</name>
         <load_address>0x1f94</load_address>
         <run_address>0x1f94</run_address>
         <size>0x126</size>
         <input_file_ref idref="fl-1e"/>
      </object_component>
      <object_component id="oc-c4">
         <name>.debug_abbrev</name>
         <load_address>0x20ba</load_address>
         <run_address>0x20ba</run_address>
         <size>0x1da</size>
         <input_file_ref idref="fl-1f"/>
      </object_component>
      <object_component id="oc-cb">
         <name>.debug_abbrev</name>
         <load_address>0x2294</load_address>
         <run_address>0x2294</run_address>
         <size>0x212</size>
         <input_file_ref idref="fl-20"/>
      </object_component>
      <object_component id="oc-d1">
         <name>.debug_abbrev</name>
         <load_address>0x24a6</load_address>
         <run_address>0x24a6</run_address>
         <size>0x191</size>
         <input_file_ref idref="fl-21"/>
      </object_component>
      <object_component id="oc-d7">
         <name>.debug_abbrev</name>
         <load_address>0x2637</load_address>
         <run_address>0x2637</run_address>
         <size>0x164</size>
         <input_file_ref idref="fl-22"/>
      </object_component>
      <object_component id="oc-dc">
         <name>.debug_abbrev</name>
         <load_address>0x279b</load_address>
         <run_address>0x279b</run_address>
         <size>0x70</size>
         <input_file_ref idref="fl-23"/>
      </object_component>
      <object_component id="oc-e1">
         <name>.debug_abbrev</name>
         <load_address>0x280b</load_address>
         <run_address>0x280b</run_address>
         <size>0xce</size>
         <input_file_ref idref="fl-24"/>
      </object_component>
      <object_component id="oc-e7">
         <name>.debug_abbrev</name>
         <load_address>0x28d9</load_address>
         <run_address>0x28d9</run_address>
         <size>0x46</size>
         <input_file_ref idref="fl-34"/>
      </object_component>
      <object_component id="oc-ec">
         <name>.debug_abbrev</name>
         <load_address>0x291f</load_address>
         <run_address>0x291f</run_address>
         <size>0x38</size>
         <input_file_ref idref="fl-35"/>
      </object_component>
      <object_component id="oc-f1">
         <name>.debug_abbrev</name>
         <load_address>0x2957</load_address>
         <run_address>0x2957</run_address>
         <size>0xe3</size>
         <input_file_ref idref="fl-36"/>
      </object_component>
      <object_component id="oc-f6">
         <name>.debug_abbrev</name>
         <load_address>0x2a3a</load_address>
         <run_address>0x2a3a</run_address>
         <size>0xa8</size>
         <input_file_ref idref="fl-37"/>
      </object_component>
      <object_component id="oc-fb">
         <name>.debug_abbrev</name>
         <load_address>0x2ae2</load_address>
         <run_address>0x2ae2</run_address>
         <size>0x68</size>
         <input_file_ref idref="fl-38"/>
      </object_component>
      <object_component id="oc-100">
         <name>.debug_abbrev</name>
         <load_address>0x2b4a</load_address>
         <run_address>0x2b4a</run_address>
         <size>0x66</size>
         <input_file_ref idref="fl-39"/>
      </object_component>
      <object_component id="oc-107">
         <name>.debug_abbrev</name>
         <load_address>0x2bb0</load_address>
         <run_address>0x2bb0</run_address>
         <size>0x130</size>
         <input_file_ref idref="fl-3a"/>
      </object_component>
      <object_component id="oc-10c">
         <name>.debug_abbrev</name>
         <load_address>0x2ce0</load_address>
         <run_address>0x2ce0</run_address>
         <size>0xb2</size>
         <input_file_ref idref="fl-3b"/>
      </object_component>
      <object_component id="oc-111">
         <name>.debug_abbrev</name>
         <load_address>0x2d92</load_address>
         <run_address>0x2d92</run_address>
         <size>0xee</size>
         <input_file_ref idref="fl-3c"/>
      </object_component>
      <object_component id="oc-150">
         <name>.debug_abbrev</name>
         <load_address>0x2e80</load_address>
         <run_address>0x2e80</run_address>
         <size>0xf</size>
      </object_component>
      <object_component id="oc-20">
         <name>.debug_aranges</name>
         <load_address>0x0</load_address>
         <run_address>0x0</run_address>
         <size>0x70</size>
         <input_file_ref idref="fl-2"/>
      </object_component>
      <object_component id="oc-25">
         <name>.debug_aranges</name>
         <load_address>0x70</load_address>
         <run_address>0x70</run_address>
         <size>0x18</size>
         <input_file_ref idref="fl-3"/>
      </object_component>
      <object_component id="oc-2b">
         <name>.debug_aranges</name>
         <load_address>0x88</load_address>
         <run_address>0x88</run_address>
         <size>0x38</size>
         <input_file_ref idref="fl-4"/>
      </object_component>
      <object_component id="oc-31">
         <name>.debug_aranges</name>
         <load_address>0xc0</load_address>
         <run_address>0xc0</run_address>
         <size>0x28</size>
         <input_file_ref idref="fl-5"/>
      </object_component>
      <object_component id="oc-39">
         <name>.debug_aranges</name>
         <load_address>0xe8</load_address>
         <run_address>0xe8</run_address>
         <size>0xb0</size>
         <input_file_ref idref="fl-6"/>
      </object_component>
      <object_component id="oc-3f">
         <name>.debug_aranges</name>
         <load_address>0x198</load_address>
         <run_address>0x198</run_address>
         <size>0x18</size>
         <input_file_ref idref="fl-7"/>
      </object_component>
      <object_component id="oc-47">
         <name>.debug_aranges</name>
         <load_address>0x1b0</load_address>
         <run_address>0x1b0</run_address>
         <size>0xc8</size>
         <input_file_ref idref="fl-9"/>
      </object_component>
      <object_component id="oc-4c">
         <name>.debug_aranges</name>
         <load_address>0x278</load_address>
         <run_address>0x278</run_address>
         <size>0x18</size>
         <input_file_ref idref="fl-a"/>
      </object_component>
      <object_component id="oc-52">
         <name>.debug_aranges</name>
         <load_address>0x290</load_address>
         <run_address>0x290</run_address>
         <size>0x18</size>
         <input_file_ref idref="fl-b"/>
      </object_component>
      <object_component id="oc-58">
         <name>.debug_aranges</name>
         <load_address>0x2a8</load_address>
         <run_address>0x2a8</run_address>
         <size>0x18</size>
         <input_file_ref idref="fl-c"/>
      </object_component>
      <object_component id="oc-5e">
         <name>.debug_aranges</name>
         <load_address>0x2c0</load_address>
         <run_address>0x2c0</run_address>
         <size>0x18</size>
         <input_file_ref idref="fl-d"/>
      </object_component>
      <object_component id="oc-64">
         <name>.debug_aranges</name>
         <load_address>0x2d8</load_address>
         <run_address>0x2d8</run_address>
         <size>0x18</size>
         <input_file_ref idref="fl-e"/>
      </object_component>
      <object_component id="oc-6a">
         <name>.debug_aranges</name>
         <load_address>0x2f0</load_address>
         <run_address>0x2f0</run_address>
         <size>0x18</size>
         <input_file_ref idref="fl-f"/>
      </object_component>
      <object_component id="oc-70">
         <name>.debug_aranges</name>
         <load_address>0x308</load_address>
         <run_address>0x308</run_address>
         <size>0x18</size>
         <input_file_ref idref="fl-10"/>
      </object_component>
      <object_component id="oc-76">
         <name>.debug_aranges</name>
         <load_address>0x320</load_address>
         <run_address>0x320</run_address>
         <size>0x18</size>
         <input_file_ref idref="fl-11"/>
      </object_component>
      <object_component id="oc-7e">
         <name>.debug_aranges</name>
         <load_address>0x338</load_address>
         <run_address>0x338</run_address>
         <size>0x18</size>
         <input_file_ref idref="fl-13"/>
      </object_component>
      <object_component id="oc-84">
         <name>.debug_aranges</name>
         <load_address>0x350</load_address>
         <run_address>0x350</run_address>
         <size>0x18</size>
         <input_file_ref idref="fl-14"/>
      </object_component>
      <object_component id="oc-8a">
         <name>.debug_aranges</name>
         <load_address>0x368</load_address>
         <run_address>0x368</run_address>
         <size>0x88</size>
         <input_file_ref idref="fl-15"/>
      </object_component>
      <object_component id="oc-90">
         <name>.debug_aranges</name>
         <load_address>0x3f0</load_address>
         <run_address>0x3f0</run_address>
         <size>0x80</size>
         <input_file_ref idref="fl-16"/>
      </object_component>
      <object_component id="oc-98">
         <name>.debug_aranges</name>
         <load_address>0x470</load_address>
         <run_address>0x470</run_address>
         <size>0x18</size>
         <input_file_ref idref="fl-18"/>
      </object_component>
      <object_component id="oc-9f">
         <name>.debug_aranges</name>
         <load_address>0x488</load_address>
         <run_address>0x488</run_address>
         <size>0x68</size>
         <input_file_ref idref="fl-19"/>
      </object_component>
      <object_component id="oc-a7">
         <name>.debug_aranges</name>
         <load_address>0x4f0</load_address>
         <run_address>0x4f0</run_address>
         <size>0x18</size>
         <input_file_ref idref="fl-1a"/>
      </object_component>
      <object_component id="oc-ad">
         <name>.debug_aranges</name>
         <load_address>0x508</load_address>
         <run_address>0x508</run_address>
         <size>0x18</size>
         <input_file_ref idref="fl-1b"/>
      </object_component>
      <object_component id="oc-b3">
         <name>.debug_aranges</name>
         <load_address>0x520</load_address>
         <run_address>0x520</run_address>
         <size>0x18</size>
         <input_file_ref idref="fl-1c"/>
      </object_component>
      <object_component id="oc-b9">
         <name>.debug_aranges</name>
         <load_address>0x538</load_address>
         <run_address>0x538</run_address>
         <size>0x18</size>
         <input_file_ref idref="fl-1d"/>
      </object_component>
      <object_component id="oc-bf">
         <name>.debug_aranges</name>
         <load_address>0x550</load_address>
         <run_address>0x550</run_address>
         <size>0x18</size>
         <input_file_ref idref="fl-1e"/>
      </object_component>
      <object_component id="oc-c5">
         <name>.debug_aranges</name>
         <load_address>0x568</load_address>
         <run_address>0x568</run_address>
         <size>0x18</size>
         <input_file_ref idref="fl-1f"/>
      </object_component>
      <object_component id="oc-cc">
         <name>.debug_aranges</name>
         <load_address>0x580</load_address>
         <run_address>0x580</run_address>
         <size>0xc0</size>
         <input_file_ref idref="fl-20"/>
      </object_component>
      <object_component id="oc-d2">
         <name>.debug_aranges</name>
         <load_address>0x640</load_address>
         <run_address>0x640</run_address>
         <size>0x18</size>
         <input_file_ref idref="fl-21"/>
      </object_component>
      <object_component id="oc-d8">
         <name>.debug_aranges</name>
         <load_address>0x658</load_address>
         <run_address>0x658</run_address>
         <size>0x18</size>
         <input_file_ref idref="fl-22"/>
      </object_component>
      <object_component id="oc-dd">
         <name>.debug_aranges</name>
         <load_address>0x670</load_address>
         <run_address>0x670</run_address>
         <size>0x18</size>
         <input_file_ref idref="fl-23"/>
      </object_component>
      <object_component id="oc-e2">
         <name>.debug_aranges</name>
         <load_address>0x688</load_address>
         <run_address>0x688</run_address>
         <size>0x18</size>
         <input_file_ref idref="fl-24"/>
      </object_component>
      <object_component id="oc-e8">
         <name>.debug_aranges</name>
         <load_address>0x6a0</load_address>
         <run_address>0x6a0</run_address>
         <size>0x20</size>
         <input_file_ref idref="fl-34"/>
      </object_component>
      <object_component id="oc-ed">
         <name>.debug_aranges</name>
         <load_address>0x6c0</load_address>
         <run_address>0x6c0</run_address>
         <size>0x20</size>
         <input_file_ref idref="fl-35"/>
      </object_component>
      <object_component id="oc-f2">
         <name>.debug_aranges</name>
         <load_address>0x6e0</load_address>
         <run_address>0x6e0</run_address>
         <size>0x20</size>
         <input_file_ref idref="fl-36"/>
      </object_component>
      <object_component id="oc-f7">
         <name>.debug_aranges</name>
         <load_address>0x700</load_address>
         <run_address>0x700</run_address>
         <size>0x20</size>
         <input_file_ref idref="fl-37"/>
      </object_component>
      <object_component id="oc-fc">
         <name>.debug_aranges</name>
         <load_address>0x720</load_address>
         <run_address>0x720</run_address>
         <size>0x20</size>
         <input_file_ref idref="fl-38"/>
      </object_component>
      <object_component id="oc-101">
         <name>.debug_aranges</name>
         <load_address>0x740</load_address>
         <run_address>0x740</run_address>
         <size>0x20</size>
         <input_file_ref idref="fl-39"/>
      </object_component>
      <object_component id="oc-108">
         <name>.debug_aranges</name>
         <load_address>0x760</load_address>
         <run_address>0x760</run_address>
         <size>0x28</size>
         <input_file_ref idref="fl-3a"/>
      </object_component>
      <object_component id="oc-10d">
         <name>.debug_aranges</name>
         <load_address>0x788</load_address>
         <run_address>0x788</run_address>
         <size>0x30</size>
         <input_file_ref idref="fl-3b"/>
      </object_component>
      <object_component id="oc-112">
         <name>.debug_aranges</name>
         <load_address>0x7b8</load_address>
         <run_address>0x7b8</run_address>
         <size>0x20</size>
         <input_file_ref idref="fl-3c"/>
      </object_component>
      <object_component id="oc-a1">
         <name>MSGRAM_CPU1_TO_CPU2</name>
         <uninitialized>true</uninitialized>
         <run_address>0x40</run_address>
         <size>0x88</size>
         <input_file_ref idref="fl-1a"/>
      </object_component>
      <object_component id="oc-a2">
         <name>MSGRAM_CPU2_TO_CPU1</name>
         <uninitialized>true</uninitialized>
         <run_address>0x600</run_address>
         <size>0x88</size>
         <input_file_ref idref="fl-1a"/>
      </object_component>
   </object_component_list>
   <logical_group_list>
      <logical_group id="lg-2" display="no" color="cyan">
         <name>.cinit</name>
         <load_address>0x81db0</load_address>
         <run_address>0x81db0</run_address>
         <size>0x29</size>
         <contents>
            <object_component_ref idref="oc-33"/>
            <object_component_ref idref="oc-103"/>
            <object_component_ref idref="oc-11b"/>
            <object_component_ref idref="oc-121"/>
         </contents>
      </logical_group>
      <logical_group id="lg-3" display="no" color="cyan">
         <name>.pinit</name>
         <run_address>0x0</run_address>
         <size>0x0</size>
         <contents>
         </contents>
      </logical_group>
      <logical_group id="lg-4" display="no" color="cyan">
         <name>.text</name>
         <load_address>0x80004</load_address>
         <run_address>0x80004</run_address>
         <size>0x1854</size>
         <contents>
            <object_component_ref idref="oc-11f"/>
            <object_component_ref idref="oc-123"/>
            <object_component_ref idref="oc-11c"/>
            <object_component_ref idref="oc-124"/>
            <object_component_ref idref="oc-11d"/>
            <object_component_ref idref="oc-11e"/>
            <object_component_ref idref="oc-e9"/>
            <object_component_ref idref="oc-1a"/>
            <object_component_ref idref="oc-126"/>
            <object_component_ref idref="oc-119"/>
            <object_component_ref idref="oc-9a"/>
            <object_component_ref idref="oc-117"/>
            <object_component_ref idref="oc-114"/>
            <object_component_ref idref="oc-118"/>
            <object_component_ref idref="oc-27"/>
            <object_component_ref idref="oc-116"/>
            <object_component_ref idref="oc-120"/>
            <object_component_ref idref="oc-2c"/>
            <object_component_ref idref="oc-113"/>
[...]
         </mem_crc_rec>
         <mem_crc_rec>
            <name>BOOTB</name>
            <load_page_id>0x0</load_page_id>
            <load_address>0x84002</load_address>
            <load_size>0x3ffe</load_size>
         </mem_crc_rec>
         <mem_crc_rec>
            <name>APP</name>
            <load_page_id>0x0</load_page_id>
            <load_address>0x88000</load_address>
            <load_size>0x20000</load_size>
         </mem_crc_rec>
         <mem_crc_rec>
            <name>FLASHI</name>
            <load_page_id>0x0</load_page_id>
            <load_address>0xa8000</load_address>
            <load_size>0x8000</load_size>
         </mem_crc_rec>
         <mem_crc_rec>
            <name>FLASHJ</name>
            <load_page_id>0x0</load_page_id>
            <load_address>0xb0000</load_address>
            <load_size>0x8000</load_size>
         </mem_crc_rec>
         <mem_crc_rec>
            <name>FLASHK</name>
            <load_page_id>0x0</load_page_id>
            <load_address>0xb8000</load_address>
            <load_size>0x2000</load_size>
         </mem_crc_rec>
         <mem_crc_rec>
            <name>FLASHL</name>
            <load_page_id>0x0</load_page_id>
            <load_address>0xba000</load_address>
            <load_size>0x2000</load_size>
         </mem_crc_rec>
         <mem_crc_rec>
            <name>FLASHM</name>
            <load_page_id>0x0</load_page_id>
            <load_address>0xbc000</load_address>
            <load_size>0x2000</load_size>
         </mem_crc_rec>
         <mem_crc_rec>
            <name>FLASHN</name>
            <load_page_id>0x0</load_page_id>
            <load_address>0xbe000</load_address>
            <load_size>0x1ff0</load_size>
         </mem_crc_rec>
         <mem_crc_rec>
            <name>FLASHN_DO_NOT_USE</name>
            <load_page_id>0x0</load_page_id>
            <load_address>0xbfff0</load_address>
            <load_size>0x10</load_size>
         </mem_crc_rec>
      </mem_crc_table>
   </mem_crc_table_list>
   <symbol_table>
      <symbol id="sm-0">
         <name>_RamfuncsLoadStart</name>
         <value>0x81c58</value>
      </symbol>
      <symbol id="sm-1">
         <name>_RamfuncsLoadSize</name>
         <value>0x158</value>
      </symbol>
      <symbol id="sm-2">
         <name>_RamfuncsLoadEnd</name>
         <value>0x81db0</value>
      </symbol>
      <symbol id="sm-3">
         <name>_RamfuncsRunStart</name>
         <value>0x8000</value>
      </symbol>
      <symbol id="sm-4">
         <name>_RamfuncsRunSize</name>
         <value>0x158</value>
      </symbol>
      <symbol id="sm-5">
         <name>_RamfuncsRunEnd</name>
         <value>0x8158</value>
      </symbol>
      <symbol id="sm-6">
         <name>_ccs_flash_checksum</name>
         <value>0x0</value>
      </symbol>
      <symbol id="sm-7">
         <name>__TI_MEMRANGE_CRC__ccs_flash_checksum</name>
         <value>0x0</value>
      </symbol>
      <symbol id="sm-8">
         <name>cinit</name>
         <value>0x81db0</value>
      </symbol>
      <symbol id="sm-9">
         <name>___cinit__</name>
         <value>0x81db0</value>
      </symbol>
      <symbol id="sm-a">
         <name>pinit</name>
         <value>0xffffffff</value>
      </symbol>
      <symbol id="sm-b">
         <name>___pinit__</name>
         <value>0xffffffff</value>
      </symbol>
      <symbol id="sm-c">
         <name>binit</name>
         <value>0xffffffff</value>
      </symbol>
      <symbol id="sm-d">
         <name>___binit__</name>
         <value>0xffffffff</value>
      </symbol>
      <symbol id="sm-e">
         <name>__STACK_SIZE</name>
         <value>0x200</value>
      </symbol>
      <symbol id="sm-f">
         <name>__STACK_END</name>
         <value>0x600</value>
      </symbol>
      <symbol id="sm-10">
         <name>___c_args__</name>
         <value>0xffffffff</value>
      </symbol>
      <symbol id="sm-11">
         <name>.text</name>
         <value>0x80004</value>
      </symbol>
      <symbol id="sm-12">
         <name>___text__</name>
         <value>0x80004</value>
      </symbol>
      <symbol id="sm-13">
         <name>etext</name>
         <value>0x81858</value>
      </symbol>
      <symbol id="sm-14">
         <name>___etext__</name>
         <value>0x81858</value>
      </symbol>
      <symbol id="sm-15">
         <name>___TI_pprof_out_hndl</name>
         <value>0xffffffff</value>
      </symbol>
      <symbol id="sm-16">
         <name>___TI_prof_data_start</name>
         <value>0xffffffff</value>
      </symbol>
      <symbol id="sm-17">
         <name>___TI_prof_data_size</name>
         <value>0xffffffff</value>
      </symbol>
      <symbol id="sm-6c">
         <name>_INTERRUPT_init</name>
         <value>0x81615</value>
         <object_component_ref idref="oc-11e"/>
      </symbol>
      <symbol id="sm-6e">
         <name>_Board_init</name>
         <value>0x81591</value>
         <object_component_ref idref="oc-11e"/>
      </symbol>
      <symbol id="sm-70">
         <name>_PinMux_init</name>
         <value>0x8159a</value>
         <object_component_ref idref="oc-11e"/>
      </symbol>
      <symbol id="sm-72">
         <name>_CAN_init</name>
         <value>0x815b9</value>
         <object_component_ref idref="oc-11e"/>
      </symbol>
      <symbol id="sm-74">
         <name>_myCAN0_init</name>
         <value>0x815bc</value>
         <object_component_ref idref="oc-11e"/>
      </symbol>
      <symbol id="sm-8d">
         <name>_initc2000</name>
         <value>0x81752</value>
         <object_component_ref idref="oc-119"/>
      </symbol>
      <symbol id="sm-8f">
         <name>_main</name>
         <value>0x81760</value>
         <object_component_ref idref="oc-119"/>
      </symbol>
      <symbol id="sm-91">
         <name>_INT_myCAN0_0_ISR</name>
         <value>0x81825</value>
         <object_component_ref idref="oc-27"/>
      </symbol>
      <symbol id="sm-93">
         <name>_INT_myCAN0_1_ISR</name>
         <value>0x81818</value>
         <object_component_ref idref="oc-27"/>
      </symbol>
      <symbol id="sm-a4">
         <name>code_start</name>
         <value>0x80000</value>
         <object_component_ref idref="oc-2d"/>
      </symbol>
      <symbol id="sm-d4">
         <name>_Example_done</name>
         <value>0x81119</value>
         <object_component_ref idref="oc-11c"/>
      </symbol>
      <symbol id="sm-d6">
         <name>_Example_Fail</name>
         <value>0xa804</value>
         <object_component_ref idref="oc-34"/>
      </symbol>
      <symbol id="sm-d7">
         <name>_Device_bootCPU2</name>
         <value>0x80f8e</value>
         <object_component_ref idref="oc-11c"/>
      </symbol>
      <symbol id="sm-d9">
         <name>_Device_initGPIO</name>
         <value>0x80ef6</value>
         <object_component_ref idref="oc-11c"/>
      </symbol>
      <symbol id="sm-db">
         <name>_Example_setResultPass</name>
         <value>0x8110f</value>
         <object_component_ref idref="oc-11c"/>
      </symbol>
      <symbol id="sm-dd">
         <name>___error__</name>
         <value>0x81108</value>
         <object_component_ref idref="oc-11c"/>
      </symbol>
      <symbol id="sm-df">
         <name>_Example_Result</name>
         <value>0xa800</value>
         <object_component_ref idref="oc-34"/>
      </symbol>
      <symbol id="sm-e0">
         <name>_Example_setResultFail</name>
         <value>0x81114</value>
         <object_component_ref idref="oc-11c"/>
      </symbol>
      <symbol id="sm-e2">
         <name>_Device_enableUnbondedGPIOPullupsFor176Pin</name>
         <value>0x80f17</value>
         <object_component_ref idref="oc-11c"/>
      </symbol>
      <symbol id="sm-e4">
         <name>_Device_enableUnbondedGPIOPullups</name>
         <value>0x80f47</value>
         <object_component_ref idref="oc-11c"/>
      </symbol>
      <symbol id="sm-e6">
         <name>_Device_init</name>
         <value>0x80db8</value>
         <object_component_ref idref="oc-11c"/>
      </symbol>
      <symbol id="sm-e8">
         <name>_Example_PassCount</name>
         <value>0xa802</value>
         <object_component_ref idref="oc-34"/>
      </symbol>
      <symbol id="sm-e9">
         <name>_Device_enableUnbondedGPIOPullupsFor100Pin</name>
         <value>0x80f2a</value>
         <object_component_ref idref="oc-11c"/>
      </symbol>
      <symbol id="sm-eb">
         <name>_Device_enableAllPeripherals</name>
         <value>0x80e0b</value>
         <object_component_ref idref="oc-11c"/>
      </symbol>
      <symbol id="sm-ed">
         <name>_Device_configureTMXAnalogTrim</name>
         <value>0x80f5d</value>
         <object_component_ref idref="oc-11c"/>
      </symbol>
      <symbol id="sm-195">
         <name>_CAN_readMessage</name>
         <value>0x80526</value>
         <object_component_ref idref="oc-11f"/>
      </symbol>
      <symbol id="sm-197">
         <name>_CAN_sendMessage</name>
         <value>0x802c8</value>
         <object_component_ref idref="oc-11f"/>
      </symbol>
      <symbol id="sm-199">
         <name>_CAN_clearInterruptStatus</name>
         <value>0x801a7</value>
         <object_component_ref idref="oc-11f"/>
      </symbol>
      <symbol id="sm-19b">
         <name>_CAN_clearMessage</name>
         <value>0x80635</value>
         <object_component_ref idref="oc-11f"/>
      </symbol>
      <symbol id="sm-19d">
         <name>_CAN_sendMessage_32bit</name>
         <value>0x803ac</value>
         <object_component_ref idref="oc-11f"/>
      </symbol>
      <symbol id="sm-19f">
         <name>_CAN_setBitTiming</name>
         <value>0x80143</value>
         <object_component_ref idref="oc-11f"/>
      </symbol>
      <symbol id="sm-1a1">
         <name>_CAN_disableAllMessageObjects</name>
         <value>0x806a3</value>
         <object_component_ref idref="oc-11f"/>
      </symbol>
      <symbol id="sm-1a3">
         <name>_CAN_setupMessageObject</name>
         <value>0x801ed</value>
         <object_component_ref idref="oc-11f"/>
      </symbol>
      <symbol id="sm-1a5">
         <name>_CAN_disableMessageObject</name>
         <value>0x8066c</value>
         <object_component_ref idref="oc-11f"/>
      </symbol>
      <symbol id="sm-1a7">
         <name>_CAN_initModule</name>
         <value>0x800c6</value>
         <object_component_ref idref="oc-11f"/>
      </symbol>
      <symbol id="sm-1a9">
         <name>_CAN_sendRemoteRequestMessage</name>
         <value>0x804d6</value>
         <object_component_ref idref="oc-11f"/>
      </symbol>
      <symbol id="sm-1ab">
         <name>_CAN_setBitRate</name>
         <value>0x800e2</value>
         <object_component_ref idref="oc-11f"/>
      </symbol>
      <symbol id="sm-1ad">
         <name>_CAN_readMessageWithID</name>
         <value>0x8058c</value>
         <object_component_ref idref="oc-11f"/>
      </symbol>
      <symbol id="sm-1af">
         <name>_CAN_transferMessage</name>
         <value>0x805cf</value>
         <object_component_ref idref="oc-11f"/>
      </symbol>
      <symbol id="sm-1b1">
         <name>_CAN_sendMessage_16bit</name>
         <value>0x8033a</value>
         <object_component_ref idref="oc-11f"/>
      </symbol>
      <symbol id="sm-1b3">
         <name>_CAN_sendMessage_updateDLC</name>
         <value>0x8041e</value>
         <object_component_ref idref="oc-11f"/>
      </symbol>
      <symbol id="sm-260">
         <name>_Flash_initModule</name>
         <value>0x80e1</value>
         <object_component_ref idref="oc-122"/>
      </symbol>
      <symbol id="sm-262">
         <name>_Flash_wakeFromLPM</name>
         <value>0x813e</value>
         <object_component_ref idref="oc-122"/>
      </symbol>
      <symbol id="sm-264">
         <name>_Flash_powerDown</name>
         <value>0x8124</value>
         <object_component_ref idref="oc-122"/>
      </symbol>
      <symbol id="sm-29c">
         <name>_GPIO_setAnalogMode</name>
         <value>0x81326</value>
         <object_component_ref idref="oc-124"/>
      </symbol>
      <symbol id="sm-29e">
         <name>_GPIO_setInterruptPin</name>
         <value>0x8118f</value>
         <object_component_ref idref="oc-124"/>
      </symbol>
      <symbol id="sm-2a0">
         <name>_GPIO_setQualificationPeriod</name>
         <value>0x812b6</value>
         <object_component_ref idref="oc-124"/>
      </symbol>
      <symbol id="sm-2a2">
         <name>_GPIO_setControllerCore</name>
         <value>0x812ef</value>
         <object_component_ref idref="oc-124"/>
      </symbol>
      <symbol id="sm-2a4">
         <name>_GPIO_setPinConfig</name>
         <value>0x8135a</value>
         <object_component_ref idref="oc-124"/>
      </symbol>
      <symbol id="sm-2a6">
         <name>_GPIO_setDirectionMode</name>
         <value>0x8113e</value>
         <object_component_ref idref="oc-124"/>
      </symbol>
      <symbol id="sm-2a8">
         <name>_GPIO_getQualificationMode</name>
         <value>0x8128a</value>
         <object_component_ref idref="oc-124"/>
      </symbol>
      <symbol id="sm-2aa">
         <name>_GPIO_getDirectionMode</name>
         <value>0x8116f</value>
         <object_component_ref idref="oc-124"/>
      </symbol>
      <symbol id="sm-2ac">
         <name>_GPIO_getPadConfig</name>
         <value>0x81215</value>
         <object_component_ref idref="oc-124"/>
      </symbol>
      <symbol id="sm-2ae">
         <name>_GPIO_setQualificationMode</name>
         <value>0x81253</value>
         <object_component_ref idref="oc-124"/>
      </symbol>
      <symbol id="sm-2b0">
         <name>_GPIO_setPadConfig</name>
         <value>0x811c3</value>
         <object_component_ref idref="oc-124"/>
      </symbol>
      <symbol id="sm-2fc">
         <name>_Interrupt_illegalOperationHandler</name>
         <value>0x8179a</value>
         <object_component_ref idref="oc-9a"/>
      </symbol>
      <symbol id="sm-2fe">
         <name>_Interrupt_enable</name>
         <value>0x81485</value>
         <object_component_ref idref="oc-11d"/>
      </symbol>
      <symbol id="sm-300">
         <name>_Interrupt_initVectorTable</name>
         <value>0x81467</value>
         <object_component_ref idref="oc-11d"/>
      </symbol>
      <symbol id="sm-302">
         <name>_Interrupt_disable</name>
         <value>0x814bc</value>
         <object_component_ref idref="oc-11d"/>
      </symbol>
      <symbol id="sm-304">
         <name>_Interrupt_initModule</name>
         <value>0x8142a</value>
         <object_component_ref idref="oc-11d"/>
      </symbol>
      <symbol id="sm-306">
         <name>_Interrupt_nmiHandler</name>
         <value>0x817a4</value>
         <object_component_ref idref="oc-9a"/>
      </symbol>
      <symbol id="sm-308">
         <name>_Interrupt_defaultHandler</name>
         <value>0x81784</value>
         <object_component_ref idref="oc-9a"/>
      </symbol>
      <symbol id="sm-31a">
         <name>_IPC_CPU1_To_CPU2_GetBuffer</name>
         <value>0x600</value>
         <object_component_ref idref="oc-a2"/>
      </symbol>
      <symbol id="sm-31b">
         <name>_IPC_CPU1_To_CPU2_PutBuffer</name>
         <value>0x40</value>
         <object_component_ref idref="oc-a1"/>
      </symbol>
      <symbol id="sm-3d3">
         <name>_SysCtl_selectOscSourceAuxPLL</name>
         <value>0x80c5f</value>
         <object_component_ref idref="oc-123"/>
      </symbol>
      <symbol id="sm-3d5">
         <name>_SysCtl_selectXTAL</name>
         <value>0x80b87</value>
         <object_component_ref idref="oc-123"/>
      </symbol>
      <symbol id="sm-3d7">
         <name>_SysCtl_delay</name>
         <value>0x8154</value>
         <object_component_ref idref="oc-c7"/>
      </symbol>
      <symbol id="sm-3d8">
         <name>_SysCtl_setAuxClock</name>
         <value>0x80a60</value>
         <object_component_ref idref="oc-123"/>
      </symbol>
      <symbol id="sm-3da">
         <name>_SysCtl_selectOscSource</name>
         <value>0x80c17</value>
         <object_component_ref idref="oc-123"/>
      </symbol>
      <symbol id="sm-3dc">
         <name>_SysCtl_getAuxClock</name>
         <value>0x80816</value>
         <object_component_ref idref="oc-123"/>
      </symbol>
      <symbol id="sm-3de">
         <name>_SysCtl_setClock</name>
         <value>0x80857</value>
         <object_component_ref idref="oc-123"/>
      </symbol>
      <symbol id="sm-3e0">
         <name>_SysCtl_getLowSpeedClock</name>
         <value>0x80c9c</value>
         <object_component_ref idref="oc-123"/>
      </symbol>
      <symbol id="sm-3e2">
         <name>_SysCtl_getClock</name>
         <value>0x807c5</value>
         <object_component_ref idref="oc-123"/>
      </symbol>
      <symbol id="sm-3e4">
         <name>_SysCtl_getDeviceParametric</name>
         <value>0x80cb6</value>
         <object_component_ref idref="oc-123"/>
      </symbol>
      <symbol id="sm-42a">
         <name>_c_int00</name>
         <value>0x816b6</value>
         <object_component_ref idref="oc-1a"/>
      </symbol>
      <symbol id="sm-42b">
         <name>__stack</name>
         <value>0x400</value>
         <object_component_ref idref="oc-e3"/>
      </symbol>
      <symbol id="sm-43c">
         <name>FS$$DIV</name>
         <value>0x8162e</value>
         <object_component_ref idref="oc-e9"/>
      </symbol>
      <symbol id="sm-44b">
         <name>_copy_in</name>
         <value>0x817d7</value>
         <object_component_ref idref="oc-114"/>
      </symbol>
      <symbol id="sm-45d">
         <name>_memcpy</name>
         <value>0x817fb</value>
         <object_component_ref idref="oc-118"/>
      </symbol>
      <symbol id="sm-46a">
         <name>__system_pre_init</name>
         <value>0x81855</value>
         <object_component_ref idref="oc-113"/>
      </symbol>
      <symbol id="sm-478">
         <name>__system_post_cinit</name>
         <value>0x81857</value>
         <object_component_ref idref="oc-115"/>
      </symbol>
      <symbol id="sm-48d">
         <name>C$$EXIT</name>
         <value>0x817ae</value>
         <object_component_ref idref="oc-117"/>
      </symbol>
      <symbol id="sm-48e">
         <name>_exit</name>
         <value>0x817b0</value>
         <object_component_ref idref="oc-117"/>
      </symbol>
      <symbol id="sm-490">
         <name>___TI_cleanup_ptr</name>
         <value>0xa808</value>
         <object_component_ref idref="oc-104"/>
      </symbol>
      <symbol id="sm-491">
         <name>___TI_enable_exit_profile_output</name>
         <value>0xa806</value>
         <object_component_ref idref="oc-104"/>
      </symbol>
      <symbol id="sm-492">
         <name>_abort</name>
         <value>0x817ae</value>
         <object_component_ref idref="oc-117"/>
      </symbol>
      <symbol id="sm-494">
         <name>___TI_dtors_ptr</name>
         <value>0xa80a</value>
         <object_component_ref idref="oc-104"/>
      </symbol>
      <symbol id="sm-4a8">
         <name>__unlock</name>
         <value>0xa80e</value>
         <object_component_ref idref="oc-125"/>
      </symbol>
      <symbol id="sm-4a9">
         <name>__lock</name>
         <value>0xa80c</value>
         <object_component_ref idref="oc-11a"/>
      </symbol>
      <symbol id="sm-4aa">
         <name>__register_lock</name>
         <value>0x81848</value>
         <object_component_ref idref="oc-120"/>
      </symbol>
      <symbol id="sm-4ac">
         <name>__nop</name>
         <value>0x8184c</value>
         <object_component_ref idref="oc-120"/>
      </symbol>
      <symbol id="sm-4ae">
         <name>__register_unlock</name>
         <value>0x81844</value>
         <object_component_ref idref="oc-120"/>
      </symbol>
      <symbol id="sm-4be">
         <name>__args_main</name>
         <value>0x81832</value>
         <object_component_ref idref="oc-116"/>
      </symbol>
   </symbol_table>
   <title>Link successful</title>
</link_info>
